<html>
<body>
<pre>
<h1>µVision Build Log</h1>
<h2>Project:</h2>
C:\Users\LG\Desktop\4.2019_spring\380L RTOS\Project\CAN project\Slave2\Slave2.uvproj
Project File Date:  05/11/2019

<h2>Output:</h2>
Build target 'Slave2'
compiling main.c...
assembling startup.s...
compiling ST7735.c...
compiling PLL.c...
compiling Interpreter.c...
compiling OS.c...
assembling osasm.s...
compiling Thread.c...
compiling UART2.c...
compiling can0.c...
compiling can.c...
compiling interrupt.c...
compiling Timer3.c...
linking...
Program Size: Code=6896 RO-data=52 RW-data=216 ZI-data=10760  
".\obj\Slave2.axf" - 0 Error(s), 0 Warning(s).
</pre>
</body>
</html>
