<html>
<body>
<pre>
<h1>µVision Build Log</h1>
<h2>Project:</h2>
C:\Users\LG\Desktop\4.2019_spring\380L RTOS\Project\CAN project\Master\Master.uvproj
Project File Date:  05/12/2019

<h2>Output:</h2>
Build target 'Master'
linking...
Program Size: Code=7368 RO-data=52 RW-data=268 ZI-data=10676  
".\obj\Master.axf" - 0 Error(s), 0 Warning(s).
Load "C:\\Users\\LG\\Desktop\\4.2019_spring\\380L RTOS\\Project\\CAN project\\Master\\obj\\Master.axf" 
Connecting: Mode=JTAG, Speed=1000000Hz
Erase Done.
Programming Done.
Verify OK.
</pre>
</body>
</html>
bols.
Not enough information to list the image map.
Finished: 2 information, 0 warning and 2 error messages.
".\obj\Master.axf" - 2 Error(s), 0 Warning(s).
Target not created
licitly
        MergeSort(tmp_arr, 8);
src\Thread_mCAN.c(66): error:  #20: identifier "arr_size" is undefined
        for(int i=0; i<arr_size; i+=8)
src\Thread_mCAN.c(72): warning:  #223-D: function "CAN0_SendData" declared implicitly
                CAN0_SendData(CAN_sendArr);
src\Thread_mCAN.c: 2 warnings, 4 errors
compiling Thread_CAN.c...
".\obj\Master.axf" - 4 Error(s), 2 Warning(s).
Target not created
AN.c(27): warning:  #223-D: function "CAN0_SendData" declared implicitly
        CAN0_SendData(CAN_sendData);
..\lib\OS\Thread_CAN.c: 1 warning, 0 errors
".\obj\Master.axf" - 4 Error(s), 3 Warning(s).
Target not created
