ARM Linker, 5.03 [Build 76] [MDK-ARM Professional]

==============================================================================

Section Cross References

    main.o(i.main) refers to pll.o(i.PLL_Init) for PLL_Init
    main.o(i.main) refers to os.o(i.PortF_Init) for PortF_Init
    main.o(i.main) refers to can0.o(i.CAN0_Open) for CAN0_Open
    main.o(i.main) refers to os.o(i.OS_Init) for OS_Init
    main.o(i.main) refers to thread_ssort.o(i.create_testArr) for create_testArr
    main.o(i.main) refers to os.o(i.OS_AddThread) for OS_AddThread
    main.o(i.main) refers to os.o(i.OS_Launch) for OS_Launch
    main.o(i.main) refers to main.o(.data) for NumCreated
    main.o(i.main) refers to thread_scan.o(i.Thread_CANGetArrSize) for Thread_CANGetArrSize
    main.o(i.main) refers to thread_can.o(i.IdleTask) for IdleTask
    startup.o(RESET) refers to startup.o(STACK) for StackMem
    startup.o(RESET) refers to osasm.o(.text) for SVC_Handler
    startup.o(RESET) refers to os.o(i.SysTick_Handler) for SysTick_Handler
    startup.o(RESET) refers to uart2.o(i.UART0_Handler) for UART0_Handler
    startup.o(RESET) refers to os.o(i.Timer0A_Handler) for Timer0A_Handler
    startup.o(RESET) refers to os.o(i.GPIOPortF_Handler) for GPIOPortF_Handler
    startup.o(RESET) refers to timer3.o(i.Timer3A_Handler) for Timer3A_Handler
    startup.o(RESET) refers to can0.o(i.CAN0_Handler) for CAN0_Handler
    startup.o(RESET) refers to os.o(i.WideTimer4A_Handler) for WideTimer4A_Handler
    startup.o(RESET) refers to os.o(i.WideTimer4B_Handler) for WideTimer4B_Handler
    startup.o(RESET) refers to entry.o(.ARM.Collect$$$$00000000) for __main
    st7735.o(i.ST7735_DrawBitmap) refers to st7735.o(i.setAddrWindow) for setAddrWindow
    st7735.o(i.ST7735_DrawBitmap) refers to st7735.o(i.writedata) for writedata
    st7735.o(i.ST7735_DrawBitmap) refers to st7735.o(.data) for _width
    st7735.o(i.ST7735_DrawChar) refers to st7735.o(i.setAddrWindow) for setAddrWindow
    st7735.o(i.ST7735_DrawChar) refers to st7735.o(i.pushColor) for pushColor
    st7735.o(i.ST7735_DrawChar) refers to st7735.o(.data) for _width
    st7735.o(i.ST7735_DrawChar) refers to st7735.o(.constdata) for Font
    st7735.o(i.ST7735_DrawCharS) refers to st7735.o(i.ST7735_DrawPixel) for ST7735_DrawPixel
    st7735.o(i.ST7735_DrawCharS) refers to st7735.o(i.ST7735_FillRect) for ST7735_FillRect
    st7735.o(i.ST7735_DrawCharS) refers to st7735.o(.data) for _width
    st7735.o(i.ST7735_DrawCharS) refers to st7735.o(.constdata) for Font
    st7735.o(i.ST7735_DrawFastHLine) refers to st7735.o(i.setAddrWindow) for setAddrWindow
    st7735.o(i.ST7735_DrawFastHLine) refers to st7735.o(i.writedata) for writedata
    st7735.o(i.ST7735_DrawFastHLine) refers to st7735.o(.data) for _width
    st7735.o(i.ST7735_DrawFastVLine) refers to st7735.o(i.setAddrWindow) for setAddrWindow
    st7735.o(i.ST7735_DrawFastVLine) refers to st7735.o(i.writedata) for writedata
    st7735.o(i.ST7735_DrawFastVLine) refers to st7735.o(.data) for _width
    st7735.o(i.ST7735_DrawPixel) refers to st7735.o(i.setAddrWindow) for setAddrWindow
    st7735.o(i.ST7735_DrawPixel) refers to st7735.o(i.pushColor) for pushColor
    st7735.o(i.ST7735_DrawPixel) refers to st7735.o(.data) for _width
    st7735.o(i.ST7735_FillRect) refers to st7735.o(i.setAddrWindow) for setAddrWindow
    st7735.o(i.ST7735_FillRect) refers to st7735.o(i.writedata) for writedata
    st7735.o(i.ST7735_FillRect) refers to st7735.o(.data) for _width
    st7735.o(i.ST7735_FillScreen) refers to st7735.o(i.ST7735_FillRect) for ST7735_FillRect
    st7735.o(i.ST7735_FillScreen) refers to st7735.o(.data) for _height
    st7735.o(i.ST7735_InitB) refers to st7735.o(i.commonInit) for commonInit
    st7735.o(i.ST7735_InitB) refers to os.o(i.OS_InitSemaphore) for OS_InitSemaphore
    st7735.o(i.ST7735_InitB) refers to st7735.o(.constdata) for Bcmd
    st7735.o(i.ST7735_InitB) refers to st7735.o(.data) for LCDFree
    st7735.o(i.ST7735_InitR) refers to st7735.o(i.commonInit) for commonInit
    st7735.o(i.ST7735_InitR) refers to st7735.o(i.commandList) for commandList
    st7735.o(i.ST7735_InitR) refers to st7735.o(i.writecommand) for writecommand
    st7735.o(i.ST7735_InitR) refers to st7735.o(i.writedata) for writedata
    st7735.o(i.ST7735_InitR) refers to os.o(i.OS_InitSemaphore) for OS_InitSemaphore
    st7735.o(i.ST7735_InitR) refers to st7735.o(.constdata) for Rcmd1
    st7735.o(i.ST7735_InitR) refers to st7735.o(.data) for ColStart
    st7735.o(i.ST7735_InvertDisplay) refers to st7735.o(i.writecommand) for writecommand
    st7735.o(i.ST7735_Message) refers to os.o(i.OS_Wait) for OS_Wait
    st7735.o(i.ST7735_Message) refers to st7735.o(i.ST7735_OutString) for ST7735_OutString
    st7735.o(i.ST7735_Message) refers to st7735.o(i.ST7735_OutUDec2) for ST7735_OutUDec2
    st7735.o(i.ST7735_Message) refers to os.o(i.OS_Signal) for OS_Signal
    st7735.o(i.ST7735_Message) refers to st7735.o(.data) for LCDFree
    st7735.o(i.ST7735_OutString) refers to st7735.o(i.ST7735_DrawCharS) for ST7735_DrawCharS
    st7735.o(i.ST7735_OutUDec) refers to st7735.o(i.fillmessage) for fillmessage
    st7735.o(i.ST7735_OutUDec) refers to st7735.o(i.ST7735_OutString) for ST7735_OutString
    st7735.o(i.ST7735_OutUDec) refers to st7735.o(.data) for Messageindex
    st7735.o(i.ST7735_OutUDec) refers to st7735.o(.bss) for Message
    st7735.o(i.ST7735_OutUDec2) refers to st7735.o(i.fillmessage) for fillmessage
    st7735.o(i.ST7735_OutUDec2) refers to st7735.o(i.ST7735_OutString) for ST7735_OutString
    st7735.o(i.ST7735_OutUDec2) refers to st7735.o(.data) for Messageindex
    st7735.o(i.ST7735_OutUDec2) refers to st7735.o(.bss) for Message
    st7735.o(i.ST7735_SetRotation) refers to st7735.o(i.writecommand) for writecommand
    st7735.o(i.ST7735_SetRotation) refers to st7735.o(i.writedata) for writedata
    st7735.o(i.ST7735_SetRotation) refers to st7735.o(.data) for Rotation
    st7735.o(i.commandList) refers to st7735.o(i.writecommand) for writecommand
    st7735.o(i.commandList) refers to st7735.o(i.writedata) for writedata
    st7735.o(i.commandList) refers to st7735.o(i.Delay1ms) for Delay1ms
    st7735.o(i.commonInit) refers to st7735.o(i.CS_Init) for CS_Init
    st7735.o(i.commonInit) refers to st7735.o(i.Delay1ms) for Delay1ms
    st7735.o(i.commonInit) refers to st7735.o(i.commandList) for commandList
    st7735.o(i.commonInit) refers to st7735.o(.data) for RowStart
    st7735.o(i.fillmessage) refers to st7735.o(.bss) for Message
    st7735.o(i.fillmessage) refers to st7735.o(.data) for Messageindex
    st7735.o(i.pushColor) refers to st7735.o(i.writedata) for writedata
    st7735.o(i.setAddrWindow) refers to st7735.o(i.writecommand) for writecommand
    st7735.o(i.setAddrWindow) refers to st7735.o(i.writedata) for writedata
    st7735.o(i.setAddrWindow) refers to st7735.o(.data) for ColStart
    thread_scan.o(i.Thread_CANGetArr8_Sort) refers to can0.o(i.CAN0_GetMailNonBlock) for CAN0_GetMailNonBlock
    thread_scan.o(i.Thread_CANGetArr8_Sort) refers to os.o(i.OS_Suspend) for OS_Suspend
    thread_scan.o(i.Thread_CANGetArr8_Sort) refers to os.o(i.OS_AddThread) for OS_AddThread
    thread_scan.o(i.Thread_CANGetArr8_Sort) refers to thread_ssort.o(i.MergeSort) for MergeSort
    thread_scan.o(i.Thread_CANGetArr8_Sort) refers to os.o(i.OS_Kill) for OS_Kill
    thread_scan.o(i.Thread_CANGetArr8_Sort) refers to thread_scan.o(.data) for arrived_data_num
    thread_scan.o(i.Thread_CANGetArr8_Sort) refers to thread_ssort.o(.data) for arr_size
    thread_scan.o(i.Thread_CANGetArr8_Sort) refers to main.o(.data) for NumCreated
    thread_scan.o(i.Thread_CANGetArr8_Sort) refers to thread_ssort.o(i.Thread_Merge) for Thread_Merge
    thread_scan.o(i.Thread_CANGetArrSize) refers to can0.o(i.CAN0_GetMailNonBlock) for CAN0_GetMailNonBlock
    thread_scan.o(i.Thread_CANGetArrSize) refers to os.o(i.OS_Suspend) for OS_Suspend
    thread_scan.o(i.Thread_CANGetArrSize) refers to os.o(i.OS_AddThread) for OS_AddThread
    thread_scan.o(i.Thread_CANGetArrSize) refers to os.o(i.OS_Kill) for OS_Kill
    thread_scan.o(i.Thread_CANGetArrSize) refers to thread_scan.o(.data) for CAN_ArrSize
    thread_scan.o(i.Thread_CANGetArrSize) refers to thread_ssort.o(.data) for arr_size
    thread_scan.o(i.Thread_CANGetArrSize) refers to main.o(.data) for NumCreated
    thread_scan.o(i.Thread_CANGetArrSize) refers to thread_scan.o(i.Thread_CANGetArr8_Sort) for Thread_CANGetArr8_Sort
    thread_scan.o(i.Thread_CANSendArr) refers to can0.o(i.CAN0_SendData) for CAN0_SendData
    thread_scan.o(i.Thread_CANSendArr) refers to os.o(i.OS_Suspend) for OS_Suspend
    thread_scan.o(i.Thread_CANSendArr) refers to os.o(i.OS_AddThread) for OS_AddThread
    thread_scan.o(i.Thread_CANSendArr) refers to os.o(i.OS_Kill) for OS_Kill
    thread_scan.o(i.Thread_CANSendArr) refers to thread_ssort.o(.bss) for arr
    thread_scan.o(i.Thread_CANSendArr) refers to thread_scan.o(.data) for CAN_sendArr
    thread_scan.o(i.Thread_CANSendArr) refers to thread_ssort.o(.data) for arr_size
    thread_scan.o(i.Thread_CANSendArr) refers to main.o(.data) for NumCreated
    thread_scan.o(i.Thread_CANSendArr) refers to thread_scan.o(i.Thread_CANGetArrSize) for Thread_CANGetArrSize
    thread_ssort.o(i.Merge) refers to malloc.o(i.malloc) for malloc
    thread_ssort.o(i.Merge) refers to malloc.o(i.free) for free
    thread_ssort.o(i.MergeSort) refers to thread_ssort.o(i.Merge) for Merge
    thread_ssort.o(i.MergeSort) refers to thread_ssort.o(.data) for arr_8sorted_idx
    thread_ssort.o(i.MergeSort) refers to thread_ssort.o(.bss) for arr
    thread_ssort.o(i.Thread_Merge) refers to thread_ssort.o(i.Merge) for Merge
    thread_ssort.o(i.Thread_Merge) refers to os.o(i.OS_Suspend) for OS_Suspend
    thread_ssort.o(i.Thread_Merge) refers to os.o(i.OS_AddThread) for OS_AddThread
    thread_ssort.o(i.Thread_Merge) refers to os.o(i.OS_Kill) for OS_Kill
    thread_ssort.o(i.Thread_Merge) refers to thread_ssort.o(.data) for merge_granularity
    thread_ssort.o(i.Thread_Merge) refers to thread_ssort.o(.bss) for arr
    thread_ssort.o(i.Thread_Merge) refers to main.o(.data) for NumCreated
    thread_ssort.o(i.Thread_Merge) refers to thread_scan.o(i.Thread_CANSendArr) for Thread_CANSendArr
    thread_ssort.o(i.create_testArr) refers to thread_ssort.o(.data) for arr_size
    thread_ssort.o(i.create_testArr) refers to thread_ssort.o(.bss) for arr
    interpreter.o(i.Interpreter) refers to interpreter.o(i.UART_OutCRLF) for UART_OutCRLF
    interpreter.o(i.Interpreter) refers to uart2.o(i.UART_OutString) for UART_OutString
    interpreter.o(i.Interpreter) refers to uart2.o(i.UART_InString) for UART_InString
    interpreter.o(i.Interpreter) refers to strtok.o(.text) for strtok
    interpreter.o(i.Interpreter) refers to strcmp.o(.text) for strcmp
    interpreter.o(i.Interpreter) refers to interpreter.o(i.interpreter_lcd) for interpreter_lcd
    interpreter.o(i.Interpreter) refers to interpreter.o(i.interpreter_help) for interpreter_help
    interpreter.o(i.Interpreter) refers to interpreter.o(.bss) for input
    interpreter.o(i.Interpreter_Init) refers to os.o(i.OS_InitSemaphore) for OS_InitSemaphore
    interpreter.o(i.Interpreter_Init) refers to interpreter.o(.data) for sUART
    interpreter.o(i.UART_OutCRLF) refers to os.o(i.OS_bWait) for OS_bWait
    interpreter.o(i.UART_OutCRLF) refers to uart2.o(i.UART_OutChar) for UART_OutChar
    interpreter.o(i.UART_OutCRLF) refers to os.o(i.OS_bSignal) for OS_bSignal
    interpreter.o(i.UART_OutCRLF) refers to interpreter.o(.data) for sUART
    interpreter.o(i.interpreter_help) refers to interpreter.o(i.UART_OutCRLF) for UART_OutCRLF
    interpreter.o(i.interpreter_help) refers to uart2.o(i.UART_OutString) for UART_OutString
    interpreter.o(i.interpreter_lcd) refers to atoi.o(.text) for atoi
    interpreter.o(i.interpreter_lcd) refers to interpreter.o(i.UART_OutCRLF) for UART_OutCRLF
    interpreter.o(i.interpreter_lcd) refers to uart2.o(i.UART_OutString) for UART_OutString
    interpreter.o(i.interpreter_lcd) refers to st7735.o(i.ST7735_Message) for ST7735_Message
    interpreter.o(i.interpreter_lcd) refers to interpreter.o(.bss) for tok
    os.o(i.GPIOPortF_Handler) refers to os.o(.data) for sw1_priority
    os.o(i.Init_Stack) refers to os.o(.bss) for thread
    os.o(i.OSTimer0_Init) refers to startup.o(.text) for DisableInterrupts
    os.o(i.OS_AddPeriodicThread) refers to startup.o(.text) for StartCritical
    os.o(i.OS_AddPeriodicThread) refers to os.o(.data) for PeriodicTask_num
    os.o(i.OS_AddSW1Task) refers to os.o(.data) for sw1task
    os.o(i.OS_AddSW2Task) refers to os.o(.data) for sw2task
    os.o(i.OS_AddThread) refers to startup.o(.text) for StartCritical
    os.o(i.OS_AddThread) refers to os.o(i.Init_Stack) for Init_Stack
    os.o(i.OS_AddThread) refers to os.o(i.OS_Wait) for OS_Wait
    os.o(i.OS_AddThread) refers to os.o(i.OS_Signal) for OS_Signal
    os.o(i.OS_AddThread) refers to os.o(.bss) for thread
    os.o(i.OS_AddThread) refers to os.o(.data) for thread_cnt
    os.o(i.OS_ClearMsTime) refers to os.o(.data) for ms
    os.o(i.OS_Fifo_Get) refers to os.o(i.OS_Wait) for OS_Wait
    os.o(i.OS_Fifo_Get) refers to os.o(i.OS_Signal) for OS_Signal
    os.o(i.OS_Fifo_Get) refers to os.o(.data) for FIFOcurrentSize
    os.o(i.OS_Fifo_Get) refers to os.o(.bss) for Fifo
    os.o(i.OS_Fifo_Init) refers to os.o(i.OS_InitSemaphore) for OS_InitSemaphore
    os.o(i.OS_Fifo_Init) refers to os.o(.bss) for Fifo
    os.o(i.OS_Fifo_Init) refers to os.o(.data) for putPt
    os.o(i.OS_Fifo_Put) refers to os.o(i.OS_Wait) for OS_Wait
    os.o(i.OS_Fifo_Put) refers to os.o(i.OS_Signal) for OS_Signal
    os.o(i.OS_Fifo_Put) refers to os.o(.data) for FIFOroomleft
    os.o(i.OS_Fifo_Put) refers to os.o(.bss) for Fifo
    os.o(i.OS_Fifo_Size) refers to os.o(.data) for FIFOcurrentSize
    os.o(i.OS_Id) refers to os.o(.data) for runPt
    os.o(i.OS_Init) refers to startup.o(.text) for DisableInterrupts
    os.o(i.OS_Init) refers to os.o(i.OSTimer0_Init) for OSTimer0_Init
    os.o(i.OS_Init) refers to os.o(i.Thread_Init) for Thread_Init
    os.o(i.OS_Init) refers to interpreter.o(i.Interpreter_Init) for Interpreter_Init
    os.o(i.OS_Init) refers to os.o(i.OS_MailBox_Init) for OS_MailBox_Init
    os.o(i.OS_Init) refers to os.o(i.OS_Fifo_Init) for OS_Fifo_Init
    os.o(i.OS_Init) refers to uart2.o(i.UART_Init) for UART_Init
    os.o(i.OS_Init) refers to os.o(.data) for OS_Launch_Check
    os.o(i.OS_Kill) refers to startup.o(.text) for StartCritical
    os.o(i.OS_Kill) refers to os.o(i.OS_Wait) for OS_Wait
    os.o(i.OS_Kill) refers to os.o(i.OS_Signal) for OS_Signal
    os.o(i.OS_Kill) refers to os.o(.data) for runPt
    os.o(i.OS_Kill) refers to os.o(.bss) for pri_num
    os.o(i.OS_Launch) refers to osasm.o(.text) for StartOS
    os.o(i.OS_Launch) refers to os.o(.data) for OS_Launch_Check
    os.o(i.OS_Launch) refers to os.o(.bss) for pri_num
    os.o(i.OS_MailBox_Init) refers to os.o(i.OS_InitSemaphore) for OS_InitSemaphore
    os.o(i.OS_MailBox_Init) refers to os.o(.data) for Send
    os.o(i.OS_MailBox_Recv) refers to os.o(i.OS_Wait) for OS_Wait
    os.o(i.OS_MailBox_Recv) refers to os.o(i.OS_Signal) for OS_Signal
    os.o(i.OS_MailBox_Recv) refers to os.o(.data) for Ack
    os.o(i.OS_MailBox_Send) refers to os.o(i.OS_Wait) for OS_Wait
    os.o(i.OS_MailBox_Send) refers to os.o(i.OS_Signal) for OS_Signal
    os.o(i.OS_MailBox_Send) refers to os.o(.data) for Send
    os.o(i.OS_MsTime) refers to os.o(.data) for ms
    os.o(i.OS_Signal) refers to startup.o(.text) for StartCritical
    os.o(i.OS_Signal) refers to os.o(.bss) for blocked_pri_num
    os.o(i.OS_Sleep) refers to startup.o(.text) for StartCritical
    os.o(i.OS_Sleep) refers to os.o(i.OS_Wait) for OS_Wait
    os.o(i.OS_Sleep) refers to os.o(i.OS_Signal) for OS_Signal
    os.o(i.OS_Sleep) refers to os.o(.data) for runPt
    os.o(i.OS_Sleep) refers to os.o(.bss) for pri_num
    os.o(i.OS_Suspend) refers to os.o(.data) for runPt
    os.o(i.OS_Suspend) refers to os.o(.bss) for pri_num
    os.o(i.OS_Wait) refers to startup.o(.text) for StartCritical
    os.o(i.OS_Wait) refers to os.o(i.OS_Suspend) for OS_Suspend
    os.o(i.OS_Wait) refers to os.o(.data) for runPt
    os.o(i.OS_Wait) refers to os.o(.bss) for blocked_pri_num
    os.o(i.OS_bSignal) refers to startup.o(.text) for StartCritical
    os.o(i.OS_bWait) refers to startup.o(.text) for DisableInterrupts
    os.o(i.SysTick_Handler) refers to startup.o(.text) for StartCritical
    os.o(i.SysTick_Handler) refers to os.o(i.OS_Wait) for OS_Wait
    os.o(i.SysTick_Handler) refers to os.o(i.OS_Signal) for OS_Signal
    os.o(i.SysTick_Handler) refers to os.o(.data) for sleep_num
    os.o(i.SysTick_Handler) refers to os.o(.bss) for pri_num
    os.o(i.Thread_Init) refers to os.o(i.OS_InitSemaphore) for OS_InitSemaphore
    os.o(i.Thread_Init) refers to os.o(.data) for sActive_num
    os.o(i.Thread_Init) refers to os.o(.bss) for thread
    os.o(i.Timer0A_Handler) refers to os.o(.data) for toggle
    os.o(i.WideTimer4A_Handler) refers to os.o(.data) for PeriodicTask1
    os.o(i.WideTimer4B_Handler) refers to os.o(.data) for PeriodicTask2
    osasm.o(.text) refers to os.o(i.OS_Id) for OS_Id
    osasm.o(.text) refers to os.o(i.OS_Kill) for OS_Kill
    osasm.o(.text) refers to os.o(i.OS_Sleep) for OS_Sleep
    osasm.o(.text) refers to os.o(i.OS_Time) for OS_Time
    osasm.o(.text) refers to os.o(i.OS_AddThread) for OS_AddThread
    osasm.o(.text) refers to os.o(.data) for runPt
    uart2.o(i.Fixed_Fix2Str) refers to strcpy.o(.text) for strcpy
    uart2.o(i.RxFifo_Get) refers to os.o(i.OS_bWait) for OS_bWait
    uart2.o(i.RxFifo_Get) refers to uart2.o(.data) for RxFifoAvailable
    uart2.o(i.RxFifo_Get) refers to uart2.o(.bss) for RxFifo
    uart2.o(i.RxFifo_Init) refers to os.o(i.OS_InitSemaphore) for OS_InitSemaphore
    uart2.o(i.RxFifo_Init) refers to uart2.o(.bss) for RxFifo
    uart2.o(i.RxFifo_Init) refers to uart2.o(.data) for RxGetPt
    uart2.o(i.RxFifo_Put) refers to os.o(i.OS_bSignal) for OS_bSignal
    uart2.o(i.RxFifo_Put) refers to uart2.o(.data) for RxPutPt
    uart2.o(i.RxFifo_Put) refers to uart2.o(.bss) for RxFifo
    uart2.o(i.RxFifo_Size) refers to uart2.o(.data) for RxPutPt
    uart2.o(i.TxFifo_Get) refers to os.o(i.OS_bSignal) for OS_bSignal
    uart2.o(i.TxFifo_Get) refers to uart2.o(.data) for TxPutPt
    uart2.o(i.TxFifo_Get) refers to uart2.o(.bss) for TxFifo
    uart2.o(i.TxFifo_Init) refers to os.o(i.OS_InitSemaphore) for OS_InitSemaphore
    uart2.o(i.TxFifo_Init) refers to uart2.o(.bss) for TxFifo
    uart2.o(i.TxFifo_Init) refers to uart2.o(.data) for TxGetPt
    uart2.o(i.TxFifo_Put) refers to os.o(i.OS_bWait) for OS_bWait
    uart2.o(i.TxFifo_Put) refers to uart2.o(.data) for TxRoomLeft
    uart2.o(i.TxFifo_Put) refers to uart2.o(.bss) for TxFifo
    uart2.o(i.TxFifo_Size) refers to uart2.o(.data) for TxPutPt
    uart2.o(i.UART0_Handler) refers to uart2.o(i.copySoftwareToHardware) for copySoftwareToHardware
    uart2.o(i.UART0_Handler) refers to uart2.o(i.TxFifo_Size) for TxFifo_Size
    uart2.o(i.UART0_Handler) refers to uart2.o(i.copyHardwareToSoftware) for copyHardwareToSoftware
    uart2.o(i.UART_Fix2) refers to uart2.o(i.Fixed_Fix2Str) for Fixed_Fix2Str
    uart2.o(i.UART_Fix2) refers to uart2.o(i.UART_OutString) for UART_OutString
    uart2.o(i.UART_InChar) refers to uart2.o(i.RxFifo_Get) for RxFifo_Get
    uart2.o(i.UART_InString) refers to uart2.o(i.UART_InChar) for UART_InChar
    uart2.o(i.UART_InString) refers to uart2.o(i.UART_OutChar) for UART_OutChar
    uart2.o(i.UART_InUDec) refers to uart2.o(i.UART_InChar) for UART_InChar
    uart2.o(i.UART_InUDec) refers to uart2.o(i.UART_OutChar) for UART_OutChar
    uart2.o(i.UART_InUHex) refers to uart2.o(i.UART_InChar) for UART_InChar
    uart2.o(i.UART_InUHex) refers to uart2.o(i.UART_OutChar) for UART_OutChar
    uart2.o(i.UART_Init) refers to uart2.o(i.RxFifo_Init) for RxFifo_Init
    uart2.o(i.UART_Init) refers to uart2.o(i.TxFifo_Init) for TxFifo_Init
    uart2.o(i.UART_OutChar) refers to uart2.o(i.TxFifo_Put) for TxFifo_Put
    uart2.o(i.UART_OutChar) refers to uart2.o(i.copySoftwareToHardware) for copySoftwareToHardware
    uart2.o(i.UART_OutSDec) refers to uart2.o(i.UART_OutChar) for UART_OutChar
    uart2.o(i.UART_OutSDec) refers to uart2.o(i.UART_OutUDec) for UART_OutUDec
    uart2.o(i.UART_OutString) refers to os.o(i.OS_bWait) for OS_bWait
    uart2.o(i.UART_OutString) refers to uart2.o(i.UART_OutChar) for UART_OutChar
    uart2.o(i.UART_OutString) refers to os.o(i.OS_bSignal) for OS_bSignal
    uart2.o(i.UART_OutString) refers to interpreter.o(.data) for sUART
    uart2.o(i.UART_OutUDec) refers to uart2.o(i.UART_OutChar) for UART_OutChar
    uart2.o(i.UART_OutUDec3) refers to uart2.o(i.UART_OutString) for UART_OutString
    uart2.o(i.UART_OutUDec3) refers to uart2.o(i.UART_OutChar) for UART_OutChar
    uart2.o(i.UART_OutUDec5) refers to uart2.o(i.UART_OutString) for UART_OutString
    uart2.o(i.UART_OutUDec5) refers to uart2.o(i.UART_OutChar) for UART_OutChar
    uart2.o(i.UART_OutUHex) refers to uart2.o(i.UART_OutChar) for UART_OutChar
    uart2.o(i.copyHardwareToSoftware) refers to uart2.o(i.RxFifo_Put) for RxFifo_Put
    uart2.o(i.copyHardwareToSoftware) refers to uart2.o(i.RxFifo_Size) for RxFifo_Size
    uart2.o(i.copySoftwareToHardware) refers to uart2.o(i.TxFifo_Get) for TxFifo_Get
    uart2.o(i.copySoftwareToHardware) refers to uart2.o(i.TxFifo_Size) for TxFifo_Size
    thread_can.o(i.IdleTask) refers to thread_can.o(.data) for Idlecount
    thread_can.o(i.Thread_CAN) refers to st7735.o(i.ST7735_Message) for ST7735_Message
    thread_can.o(i.Thread_CAN) refers to os.o(i.OS_Suspend) for OS_Suspend
    thread_can.o(i.Thread_CAN) refers to thread_can.o(.data) for CAN_sendData
    thread_can.o(i.Thread_CANGetData) refers to can0.o(i.CAN0_GetMailNonBlock) for CAN0_GetMailNonBlock
    thread_can.o(i.Thread_CANGetData) refers to os.o(i.OS_Kill) for OS_Kill
    thread_can.o(i.Thread_CANGetData) refers to thread_can.o(.data) for CAN_rcvData
    thread_can.o(i.Thread_CANSendData) refers to os.o(i.OS_Kill) for OS_Kill
    can0.o(i.CAN0_CheckMail) refers to can0.o(.data) for MailFlag
    can0.o(i.CAN0_GetMail) refers to can0.o(.data) for MailFlag
    can0.o(i.CAN0_GetMailNonBlock) refers to can0.o(.data) for MailFlag
    can0.o(i.CAN0_Handler) refers to can.o(i.CANIntStatus) for CANIntStatus
    can0.o(i.CAN0_Handler) refers to can.o(i.CANStatusGet) for CANStatusGet
    can0.o(i.CAN0_Handler) refers to can.o(i.CANMessageGet) for CANMessageGet
    can0.o(i.CAN0_Handler) refers to can.o(i.CANIntClear) for CANIntClear
    can0.o(i.CAN0_Handler) refers to can0.o(.data) for RCVData
    can0.o(i.CAN0_Open) refers to can.o(i.CANInit) for CANInit
    can0.o(i.CAN0_Open) refers to can.o(i.CANBitRateSet) for CANBitRateSet
    can0.o(i.CAN0_Open) refers to can.o(i.CANEnable) for CANEnable
    can0.o(i.CAN0_Open) refers to can.o(i.CANIntEnable) for CANIntEnable
    can0.o(i.CAN0_Open) refers to can0.o(i.CAN0_Setup_Message_Object) for CAN0_Setup_Message_Object
    can0.o(i.CAN0_Open) refers to can0.o(.data) for MailFlag
    can0.o(i.CAN0_SendData) refers to can0.o(i.CAN0_Setup_Message_Object) for CAN0_Setup_Message_Object
    can0.o(i.CAN0_Setup_Message_Object) refers to can.o(i.CANMessageSet) for CANMessageSet
    can.o(i.CANBitRateSet) refers to can.o(i.CANRegRead) for CANRegRead
    can.o(i.CANBitRateSet) refers to can.o(i.CANRegWrite) for CANRegWrite
    can.o(i.CANBitRateSet) refers to can.o(.constdata) for g_usCANBitValues
    can.o(i.CANDataRegRead) refers to can.o(i.CANRegRead) for CANRegRead
    can.o(i.CANDataRegWrite) refers to can.o(i.CANRegWrite) for CANRegWrite
    can.o(i.CANDisable) refers to can.o(i.CANRegRead) for CANRegRead
    can.o(i.CANDisable) refers to can.o(i.CANRegWrite) for CANRegWrite
    can.o(i.CANEnable) refers to can.o(i.CANRegRead) for CANRegRead
    can.o(i.CANEnable) refers to can.o(i.CANRegWrite) for CANRegWrite
    can.o(i.CANErrCntrGet) refers to can.o(i.CANRegRead) for CANRegRead
    can.o(i.CANInit) refers to can.o(i.CANRegWrite) for CANRegWrite
    can.o(i.CANInit) refers to can.o(i.CANRegRead) for CANRegRead
    can.o(i.CANIntClear) refers to can.o(i.CANRegRead) for CANRegRead
    can.o(i.CANIntClear) refers to can.o(i.CANRegWrite) for CANRegWrite
    can.o(i.CANIntDisable) refers to can.o(i.CANRegRead) for CANRegRead
    can.o(i.CANIntDisable) refers to can.o(i.CANRegWrite) for CANRegWrite
    can.o(i.CANIntEnable) refers to can.o(i.CANRegRead) for CANRegRead
    can.o(i.CANIntEnable) refers to can.o(i.CANRegWrite) for CANRegWrite
    can.o(i.CANIntRegister) refers to can.o(i.CANIntNumberGet) for CANIntNumberGet
    can.o(i.CANIntRegister) refers to interrupt.o(i.IntRegister) for IntRegister
    can.o(i.CANIntRegister) refers to interrupt.o(i.IntEnable) for IntEnable
    can.o(i.CANIntStatus) refers to can.o(i.CANRegRead) for CANRegRead
    can.o(i.CANIntUnregister) refers to can.o(i.CANIntNumberGet) for CANIntNumberGet
    can.o(i.CANIntUnregister) refers to interrupt.o(i.IntUnregister) for IntUnregister
    can.o(i.CANIntUnregister) refers to interrupt.o(i.IntDisable) for IntDisable
    can.o(i.CANMessageClear) refers to can.o(i.CANRegRead) for CANRegRead
    can.o(i.CANMessageClear) refers to can.o(i.CANRegWrite) for CANRegWrite
    can.o(i.CANMessageGet) refers to can.o(i.CANRegWrite) for CANRegWrite
    can.o(i.CANMessageGet) refers to can.o(i.CANRegRead) for CANRegRead
    can.o(i.CANMessageGet) refers to can.o(i.CANDataRegRead) for CANDataRegRead
    can.o(i.CANMessageSet) refers to can.o(i.CANRegRead) for CANRegRead
    can.o(i.CANMessageSet) refers to can.o(i.CANDataRegWrite) for CANDataRegWrite
    can.o(i.CANMessageSet) refers to can.o(i.CANRegWrite) for CANRegWrite
    can.o(i.CANRegRead) refers to can.o(i.CANIntNumberGet) for CANIntNumberGet
    can.o(i.CANRegRead) refers to interrupt.o(i.IntDisable) for IntDisable
    can.o(i.CANRegRead) refers to interrupt.o(i.IntEnable) for IntEnable
    can.o(i.CANRetryGet) refers to can.o(i.CANRegRead) for CANRegRead
    can.o(i.CANRetrySet) refers to can.o(i.CANRegRead) for CANRegRead
    can.o(i.CANRetrySet) refers to can.o(i.CANRegWrite) for CANRegWrite
    can.o(i.CANStatusGet) refers to can.o(i.CANRegRead) for CANRegRead
    can.o(i.CANStatusGet) refers to can.o(i.CANRegWrite) for CANRegWrite
    interrupt.o(i.IntPriorityGet) refers to interrupt.o(.constdata) for g_pulRegs
    interrupt.o(i.IntPriorityGroupingGet) refers to interrupt.o(.constdata) for g_pulPriority
    interrupt.o(i.IntPriorityGroupingSet) refers to interrupt.o(.constdata) for g_pulPriority
    interrupt.o(i.IntPrioritySet) refers to interrupt.o(.constdata) for g_pulRegs
    interrupt.o(i.IntRegister) refers to interrupt.o(vtable) for g_pfnRAMVectors
    interrupt.o(i.IntUnregister) refers to interrupt.o(i.IntDefaultHandler) for IntDefaultHandler
    interrupt.o(i.IntUnregister) refers to interrupt.o(vtable) for g_pfnRAMVectors
    timer3.o(i.Timer3A_Handler) refers to timer3.o(.data) for PeriodicTask
    timer3.o(i.Timer3_Init) refers to timer3.o(.data) for PeriodicTask
    entry.o(.ARM.Collect$$$$00000000) refers (Special) to entry10a.o(.ARM.Collect$$$$0000000D) for __rt_final_cpp
    entry.o(.ARM.Collect$$$$00000000) refers (Special) to entry11a.o(.ARM.Collect$$$$0000000F) for __rt_final_exit
    entry.o(.ARM.Collect$$$$00000000) refers (Special) to entry7b.o(.ARM.Collect$$$$00000008) for _main_clock
    entry.o(.ARM.Collect$$$$00000000) refers (Special) to entry8b.o(.ARM.Collect$$$$0000000A) for _main_cpp_init
    entry.o(.ARM.Collect$$$$00000000) refers (Special) to entry9a.o(.ARM.Collect$$$$0000000B) for _main_init
    entry.o(.ARM.Collect$$$$00000000) refers (Special) to entry5.o(.ARM.Collect$$$$00000004) for _main_scatterload
    entry.o(.ARM.Collect$$$$00000000) refers (Special) to entry2.o(.ARM.Collect$$$$00000001) for _main_stk
    strtok.o(.text) refers to strtok.o(.data) for .data
    strtok_r.o(.text) refers to strtok_r.o(.data) for .data
    malloc.o(i.free) refers to mvars.o(.data) for __microlib_freelist
    malloc.o(i.malloc) refers to mvars.o(.data) for __microlib_freelist_initialised
    malloc.o(i.malloc) refers to mvars.o(.data) for __microlib_freelist
    malloc.o(i.malloc) refers to startup.o(HEAP) for __heap_base
    mallocr.o(i.__free$realloc) refers to mvars.o(.data) for __microlib_freelist
    mallocr.o(i.__malloc$realloc) refers to mallocr.o(i.internal_alloc) for internal_alloc
    mallocr.o(i.__malloc$realloc) refers to mvars.o(.data) for __microlib_freelist_initialised
    mallocr.o(i.__malloc$realloc) refers to startup.o(HEAP) for __heap_base
    mallocr.o(i.__malloc$realloc) refers to mvars.o(.data) for __microlib_freelist
    mallocr.o(i.internal_alloc) refers to memcpya.o(.text) for __aeabi_memcpy
    mallocr.o(i.internal_alloc) refers to mvars.o(.data) for __microlib_freelist
    mallocr.o(i.realloc) refers to mallocr.o(i.__free$realloc) for __free$realloc
    mallocr.o(i.realloc) refers to mallocr.o(i.internal_alloc) for internal_alloc
    mallocr.o(i.realloc) refers to mallocr.o(i.__malloc$realloc) for __malloc$realloc
    mallocr.o(i.realloc) refers to mvars.o(.data) for __microlib_freelist
    malloca.o(i.__aligned_malloc) refers to mvars.o(.data) for __microlib_freelist_initialised
    malloca.o(i.__aligned_malloc) refers to mvars.o(.data) for __microlib_freelist
    malloca.o(i.__aligned_malloc) refers to startup.o(HEAP) for __heap_base
    malloca.o(i.__free$memalign) refers to mvars.o(.data) for __microlib_freelist
    malloca.o(i.__malloc$memalign) refers to malloca.o(i.__aligned_malloc) for __aligned_malloc
    mallocra.o(i.__aligned_malloc$realloc) refers to mallocra.o(i.internal_alloc) for internal_alloc
    mallocra.o(i.__aligned_malloc$realloc) refers to mvars.o(.data) for __microlib_freelist_initialised
    mallocra.o(i.__aligned_malloc$realloc) refers to startup.o(HEAP) for __heap_base
    mallocra.o(i.__aligned_malloc$realloc) refers to mvars.o(.data) for __microlib_freelist
    mallocra.o(i.__free$realloc$memalign) refers to mvars.o(.data) for __microlib_freelist
    mallocra.o(i.__malloc$realloc$memalign) refers to mallocra.o(i.__aligned_malloc$realloc) for __aligned_malloc$realloc
    mallocra.o(i.__realloc$memalign) refers to mallocra.o(i.__free$realloc$memalign) for __free$realloc$memalign
    mallocra.o(i.__realloc$memalign) refers to mallocra.o(i.internal_alloc) for internal_alloc
    mallocra.o(i.__realloc$memalign) refers to mallocra.o(i.__malloc$realloc$memalign) for __malloc$realloc$memalign
    mallocra.o(i.__realloc$memalign) refers to mvars.o(.data) for __microlib_freelist
    mallocra.o(i.internal_alloc) refers to memcpya.o(.text) for __aeabi_memcpy
    mallocra.o(i.internal_alloc) refers to mvars.o(.data) for __microlib_freelist
    atoi.o(.text) refers to errno.o(i.__aeabi_errno_addr) for __aeabi_errno_addr
    atoi.o(.text) refers to strtol.o(.text) for strtol
    entry2.o(.ARM.Collect$$$$00000001) refers to entry2.o(.ARM.Collect$$$$00002712) for __lit__00000000
    entry2.o(.ARM.Collect$$$$00002712) refers to startup.o(STACK) for __initial_sp
    entry2.o(__vectab_stack_and_reset_area) refers to startup.o(STACK) for __initial_sp
    entry2.o(__vectab_stack_and_reset_area) refers to entry.o(.ARM.Collect$$$$00000000) for __main
    entry5.o(.ARM.Collect$$$$00000004) refers to init.o(.text) for __scatterload
    entry9a.o(.ARM.Collect$$$$0000000B) refers to main.o(i.main) for main
    entry9b.o(.ARM.Collect$$$$0000000C) refers to main.o(i.main) for main
    errno.o(i.__aeabi_errno_addr) refers to errno.o(.data) for .data
    errno.o(i.__read_errno) refers to errno.o(.data) for .data
    errno.o(i.__set_errno) refers to errno.o(.data) for .data
    strtol.o(.text) refers to ctype_o.o(.text) for __rt_ctype_table
    strtol.o(.text) refers to _strtoul.o(.text) for _strtoul
    strtol.o(.text) refers to errno.o(i.__aeabi_errno_addr) for __aeabi_errno_addr
    init.o(.text) refers to entry5.o(.ARM.Collect$$$$00000004) for __main_after_scatterload
    ctype_o.o(.text) refers to ctype_o.o(.constdata) for .constdata
    ctype_o.o(.constdata) refers to ctype_o.o(.constdata) for __ctype_table
    isalnum_o.o(.text) refers to ctype_o.o(.text) for __rt_ctype_table
    isalpha_o.o(.text) refers to ctype_o.o(.text) for __rt_ctype_table
    isblank_o.o(.text) refers to ctype_o.o(.constdata) for __ctype_table
    iscntrl_o.o(.text) refers to ctype_o.o(.text) for __rt_ctype_table
    isdigit_o.o(.text) refers to ctype_o.o(.text) for __rt_ctype_table
    isgraph_o.o(.text) refers to ctype_o.o(.text) for __rt_ctype_table
    islower_o.o(.text) refers to ctype_o.o(.text) for __rt_ctype_table
    isprint_o.o(.text) refers to ctype_o.o(.text) for __rt_ctype_table
    ispunct_o.o(.text) refers to ctype_o.o(.text) for __rt_ctype_table
    isspace_o.o(.text) refers to ctype_o.o(.text) for __rt_ctype_table
    isupper_o.o(.text) refers to ctype_o.o(.text) for __rt_ctype_table
    isxdigit_o.o(.text) refers to ctype_o.o(.text) for __rt_ctype_table
    _strtoul.o(.text) refers to _chval.o(.text) for _chval
    _strtoul.o(.text) refers to errno.o(i.__aeabi_errno_addr) for __aeabi_errno_addr


==============================================================================

Removing Unused input sections from the image.

    Removing st7735.o(i.CS_Init), (136 bytes).
    Removing st7735.o(i.Delay1ms), (32 bytes).
    Removing st7735.o(i.ST7735_Color565), (24 bytes).
    Removing st7735.o(i.ST7735_DrawBitmap), (288 bytes).
    Removing st7735.o(i.ST7735_DrawChar), (284 bytes).
    Removing st7735.o(i.ST7735_DrawCharS), (252 bytes).
    Removing st7735.o(i.ST7735_DrawFastHLine), (124 bytes).
    Removing st7735.o(i.ST7735_DrawFastVLine), (124 bytes).
    Removing st7735.o(i.ST7735_DrawPixel), (76 bytes).
    Removing st7735.o(i.ST7735_FillRect), (172 bytes).
    Removing st7735.o(i.ST7735_FillScreen), (36 bytes).
    Removing st7735.o(i.ST7735_InitB), (28 bytes).
    Removing st7735.o(i.ST7735_InitR), (108 bytes).
    Removing st7735.o(i.ST7735_InvertDisplay), (22 bytes).
    Removing st7735.o(i.ST7735_Message), (60 bytes).
    Removing st7735.o(i.ST7735_OutString), (86 bytes).
    Removing st7735.o(i.ST7735_OutUDec), (68 bytes).
    Removing st7735.o(i.ST7735_OutUDec2), (80 bytes).
    Removing st7735.o(i.ST7735_SetRotation), (212 bytes).
    Removing st7735.o(i.ST7735_SwapColor), (18 bytes).
    Removing st7735.o(i.commandList), (86 bytes).
    Removing st7735.o(i.commonInit), (376 bytes).
    Removing st7735.o(i.fillmessage), (72 bytes).
    Removing st7735.o(i.pushColor), (18 bytes).
    Removing st7735.o(i.setAddrWindow), (116 bytes).
    Removing st7735.o(i.writecommand), (80 bytes).
    Removing st7735.o(i.writedata), (80 bytes).
    Removing st7735.o(.bss), (12 bytes).
    Removing st7735.o(.constdata), (1506 bytes).
    Removing st7735.o(.data), (24 bytes).
    Removing interpreter.o(i.Interpreter), (180 bytes).
    Removing interpreter.o(i.UART_OutCRLF), (32 bytes).
    Removing interpreter.o(i.interpreter_help), (124 bytes).
    Removing interpreter.o(i.interpreter_lcd), (184 bytes).
    Removing interpreter.o(.bss), (60 bytes).
    Removing os.o(i.OSWTimer4_Init), (60 bytes).
    Removing os.o(i.OS_AddPeriodicThread), (296 bytes).
    Removing os.o(i.OS_AddSW1Task), (24 bytes).
    Removing os.o(i.OS_AddSW2Task), (24 bytes).
    Removing os.o(i.OS_ClearMsTime), (12 bytes).
    Removing os.o(i.OS_ClearPeriodicTime), (16 bytes).
    Removing os.o(i.OS_Fifo_Get), (84 bytes).
    Removing os.o(i.OS_Fifo_Put), (88 bytes).
    Removing os.o(i.OS_Fifo_Size), (12 bytes).
    Removing os.o(i.OS_MailBox_Recv), (36 bytes).
    Removing os.o(i.OS_MailBox_Send), (36 bytes).
    Removing os.o(i.OS_MsTime), (12 bytes).
    Removing os.o(i.OS_ReadPeriodicTime), (12 bytes).
    Removing os.o(i.OS_TimeDifference), (24 bytes).
    Removing os.o(i.OS_bWait), (34 bytes).
    Removing os.o(i.PortE_Init), (104 bytes).
    Removing os.o(i.project_OS_TimeDifference), (24 bytes).
    Removing os.o(.constdata), (4 bytes).
    Removing osasm.o(globals), (0 bytes).
    Removing uart2.o(i.Fixed_Fix2Str), (252 bytes).
    Removing uart2.o(i.RxFifo_Get), (60 bytes).
    Removing uart2.o(i.TxFifo_Put), (56 bytes).
    Removing uart2.o(i.UART_Fix2), (20 bytes).
    Removing uart2.o(i.UART_InChar), (12 bytes).
    Removing uart2.o(i.UART_InString), (70 bytes).
    Removing uart2.o(i.UART_InUDec), (76 bytes).
    Removing uart2.o(i.UART_InUHex), (108 bytes).
    Removing uart2.o(i.UART_OutChar), (44 bytes).
    Removing uart2.o(i.UART_OutSDec), (24 bytes).
    Removing uart2.o(i.UART_OutString), (40 bytes).
    Removing uart2.o(i.UART_OutUDec), (42 bytes).
    Removing uart2.o(i.UART_OutUDec3), (168 bytes).
    Removing uart2.o(i.UART_OutUDec5), (448 bytes).
    Removing uart2.o(i.UART_OutUHex), (52 bytes).
    Removing thread_can.o(i.Thread_CAN), (152 bytes).
    Removing thread_can.o(i.Thread_CANGetData), (20 bytes).
    Removing thread_can.o(i.Thread_CANSendData), (8 bytes).
    Removing can0.o(i.CAN0_CheckMail), (12 bytes).
    Removing can0.o(i.CAN0_GetMail), (76 bytes).
    Removing can.o(i.CANDisable), (24 bytes).
    Removing can.o(i.CANErrCntrGet), (46 bytes).
    Removing can.o(i.CANIntDisable), (26 bytes).
    Removing can.o(i.CANIntRegister), (30 bytes).
    Removing can.o(i.CANIntUnregister), (26 bytes).
    Removing can.o(i.CANMessageClear), (66 bytes).
    Removing can.o(i.CANRetryGet), (24 bytes).
    Removing can.o(i.CANRetrySet), (36 bytes).
    Removing interrupt.o(i.IntDefaultHandler), (4 bytes).
    Removing interrupt.o(i.IntPendClear), (88 bytes).
    Removing interrupt.o(i.IntPendSet), (108 bytes).
    Removing interrupt.o(i.IntPriorityGet), (28 bytes).
    Removing interrupt.o(i.IntPriorityGroupingGet), (44 bytes).
    Removing interrupt.o(i.IntPriorityGroupingSet), (28 bytes).
    Removing interrupt.o(i.IntPrioritySet), (52 bytes).
    Removing interrupt.o(i.IntRegister), (60 bytes).
    Removing interrupt.o(i.IntUnregister), (20 bytes).
    Removing interrupt.o(.constdata), (104 bytes).
    Removing interrupt.o(vtable), (284 bytes).
    Removing timer3.o(i.Timer3_Init), (96 bytes).

94 unused section(s) (total 9016 bytes) removed from the image.

==============================================================================

Image Symbol Table

    Local Symbols

    Symbol Name                              Value     Ov Type        Size  Object(Section)

    RESET                                    0x00000000   Section      644  startup.o(RESET)
    ../clib/microlib/ctype/ctype.c           0x00000000   Number         0  ispunct_o.o ABSOLUTE
    ../clib/microlib/ctype/ctype.c           0x00000000   Number         0  isblank_o.o ABSOLUTE
    ../clib/microlib/ctype/ctype.c           0x00000000   Number         0  isxdigit_o.o ABSOLUTE
    ../clib/microlib/ctype/ctype.c           0x00000000   Number         0  iscntrl_o.o ABSOLUTE
    ../clib/microlib/ctype/ctype.c           0x00000000   Number         0  isupper_o.o ABSOLUTE
    ../clib/microlib/ctype/ctype.c           0x00000000   Number         0  ctype_o.o ABSOLUTE
    ../clib/microlib/ctype/ctype.c           0x00000000   Number         0  isspace_o.o ABSOLUTE
    ../clib/microlib/ctype/ctype.c           0x00000000   Number         0  isdigit_o.o ABSOLUTE
    ../clib/microlib/ctype/ctype.c           0x00000000   Number         0  isprint_o.o ABSOLUTE
    ../clib/microlib/ctype/ctype.c           0x00000000   Number         0  isgraph_o.o ABSOLUTE
    ../clib/microlib/ctype/ctype.c           0x00000000   Number         0  isalnum_o.o ABSOLUTE
    ../clib/microlib/ctype/ctype.c           0x00000000   Number         0  islower_o.o ABSOLUTE
    ../clib/microlib/ctype/ctype.c           0x00000000   Number         0  isalpha_o.o ABSOLUTE
    ../clib/microlib/errno.c                 0x00000000   Number         0  errno.o ABSOLUTE
    ../clib/microlib/init/entry.s            0x00000000   Number         0  entry.o ABSOLUTE
    ../clib/microlib/init/entry.s            0x00000000   Number         0  entry9b.o ABSOLUTE
    ../clib/microlib/init/entry.s            0x00000000   Number         0  entry10a.o ABSOLUTE
    ../clib/microlib/init/entry.s            0x00000000   Number         0  entry11b.o ABSOLUTE
    ../clib/microlib/init/entry.s            0x00000000   Number         0  entry10b.o ABSOLUTE
    ../clib/microlib/init/entry.s            0x00000000   Number         0  entry2.o ABSOLUTE
    ../clib/microlib/init/entry.s            0x00000000   Number         0  entry11a.o ABSOLUTE
    ../clib/microlib/init/entry.s            0x00000000   Number         0  entry7a.o ABSOLUTE
    ../clib/microlib/init/entry.s            0x00000000   Number         0  entry8a.o ABSOLUTE
    ../clib/microlib/init/entry.s            0x00000000   Number         0  entry8b.o ABSOLUTE
    ../clib/microlib/init/entry.s            0x00000000   Number         0  entry5.o ABSOLUTE
    ../clib/microlib/init/entry.s            0x00000000   Number         0  entry7b.o ABSOLUTE
    ../clib/microlib/init/entry.s            0x00000000   Number         0  entry9a.o ABSOLUTE
    ../clib/microlib/malloc/malloc.c         0x00000000   Number         0  mallocra.o ABSOLUTE
    ../clib/microlib/malloc/malloc.c         0x00000000   Number         0  malloca.o ABSOLUTE
    ../clib/microlib/malloc/malloc.c         0x00000000   Number         0  mallocr.o ABSOLUTE
    ../clib/microlib/malloc/malloc.c         0x00000000   Number         0  malloc.o ABSOLUTE
    ../clib/microlib/malloc/mvars.c          0x00000000   Number         0  mvars.o ABSOLUTE
    ../clib/microlib/string/memcpy.c         0x00000000   Number         0  memcpyb.o ABSOLUTE
    ../clib/microlib/string/memcpy.c         0x00000000   Number         0  memcpya.o ABSOLUTE
    ../clib/microlib/string/strcmp.c         0x00000000   Number         0  strcmp.o ABSOLUTE
    ../clib/microlib/string/strcpy.c         0x00000000   Number         0  strcpy.o ABSOLUTE
    ../clib/microlib/string/strtok.c         0x00000000   Number         0  strtok_r.o ABSOLUTE
    ../clib/microlib/string/strtok.c         0x00000000   Number         0  strtok.o ABSOLUTE
    ../clib/scanf.c                          0x00000000   Number         0  _strtoul.o ABSOLUTE
    ../clib/scanf.c                          0x00000000   Number         0  strtol.o ABSOLUTE
    ../clib/scanf.c                          0x00000000   Number         0  _chval.o ABSOLUTE
    ../clib/scanf.c                          0x00000000   Number         0  atoi.o ABSOLUTE
    ..\lib\CAN\Timer3.c                      0x00000000   Number         0  timer3.o ABSOLUTE
    ..\lib\CAN\can.c                         0x00000000   Number         0  can.o ABSOLUTE
    ..\lib\CAN\interrupt.c                   0x00000000   Number         0  interrupt.o ABSOLUTE
    ..\lib\LCD\ST7735.c                      0x00000000   Number         0  st7735.o ABSOLUTE
    ..\lib\OS\Interpreter.c                  0x00000000   Number         0  interpreter.o ABSOLUTE
    ..\lib\OS\OS.c                           0x00000000   Number         0  os.o ABSOLUTE
    ..\lib\OS\Thread_CAN.c                   0x00000000   Number         0  thread_can.o ABSOLUTE
    ..\lib\OS\UART2.c                        0x00000000   Number         0  uart2.o ABSOLUTE
    ..\lib\OS\osasm.s                        0x00000000   Number         0  osasm.o ABSOLUTE
    ..\lib\_tm4c\startup.s                   0x00000000   Number         0  startup.o ABSOLUTE
    ..\lib\common\src\PLL.c                  0x00000000   Number         0  pll.o ABSOLUTE
    dc.s                                     0x00000000   Number         0  dc.o ABSOLUTE
    handlers.s                               0x00000000   Number         0  handlers.o ABSOLUTE
    init.s                                   0x00000000   Number         0  init.o ABSOLUTE
    src\Thread_sCAN.c                        0x00000000   Number         0  thread_scan.o ABSOLUTE
    src\Thread_sSort.c                       0x00000000   Number         0  thread_ssort.o ABSOLUTE
    src\can0.c                               0x00000000   Number         0  can0.o ABSOLUTE
    src\main.c                               0x00000000   Number         0  main.o ABSOLUTE
    .ARM.Collect$$$$00000000                 0x00000284   Section        0  entry.o(.ARM.Collect$$$$00000000)
    .ARM.Collect$$$$00000001                 0x00000284   Section        4  entry2.o(.ARM.Collect$$$$00000001)
    .ARM.Collect$$$$00000004                 0x00000288   Section        4  entry5.o(.ARM.Collect$$$$00000004)
    .ARM.Collect$$$$00000008                 0x0000028c   Section        0  entry7b.o(.ARM.Collect$$$$00000008)
    .ARM.Collect$$$$0000000A                 0x0000028c   Section        0  entry8b.o(.ARM.Collect$$$$0000000A)
    .ARM.Collect$$$$0000000B                 0x0000028c   Section        8  entry9a.o(.ARM.Collect$$$$0000000B)
    .ARM.Collect$$$$0000000D                 0x00000294   Section        0  entry10a.o(.ARM.Collect$$$$0000000D)
    .ARM.Collect$$$$0000000F                 0x00000294   Section        0  entry11a.o(.ARM.Collect$$$$0000000F)
    .ARM.Collect$$$$00002712                 0x00000294   Section        4  entry2.o(.ARM.Collect$$$$00002712)
    __lit__00000000                          0x00000294   Data           4  entry2.o(.ARM.Collect$$$$00002712)
    .text                                    0x00000298   Section       28  startup.o(.text)
    .text                                    0x000002b4   Section      168  osasm.o(.text)
    .text                                    0x0000035c   Section       36  init.o(.text)
    i.CAN0_GetMailNonBlock                   0x00000380   Section        0  can0.o(i.CAN0_GetMailNonBlock)
    i.CAN0_Handler                           0x000003d0   Section        0  can0.o(i.CAN0_Handler)
    i.CAN0_Open                              0x00000468   Section        0  can0.o(i.CAN0_Open)
    i.CAN0_SendData                          0x00000534   Section        0  can0.o(i.CAN0_SendData)
    i.CAN0_Setup_Message_Object              0x00000550   Section        0  can0.o(i.CAN0_Setup_Message_Object)
    CAN0_Setup_Message_Object                0x00000551   Thumb Code    44  can0.o(i.CAN0_Setup_Message_Object)
    i.CANBitRateSet                          0x00000580   Section        0  can.o(i.CANBitRateSet)
    i.CANDataRegRead                         0x00000614   Section        0  can.o(i.CANDataRegRead)
    CANDataRegRead                           0x00000615   Thumb Code    54  can.o(i.CANDataRegRead)
    i.CANDataRegWrite                        0x0000064a   Section        0  can.o(i.CANDataRegWrite)
    CANDataRegWrite                          0x0000064b   Thumb Code    54  can.o(i.CANDataRegWrite)
    i.CANEnable                              0x00000680   Section        0  can.o(i.CANEnable)
    i.CANInit                                0x00000698   Section        0  can.o(i.CANInit)
    i.CANIntClear                            0x0000072c   Section        0  can.o(i.CANIntClear)
    i.CANIntEnable                           0x00000778   Section        0  can.o(i.CANIntEnable)
    i.CANIntNumberGet                        0x00000794   Section        0  can.o(i.CANIntNumberGet)
    CANIntNumberGet                          0x00000795   Thumb Code    44  can.o(i.CANIntNumberGet)
    i.CANIntStatus                           0x000007c4   Section        0  can.o(i.CANIntStatus)
    i.CANMessageGet                          0x00000800   Section        0  can.o(i.CANMessageGet)
    i.CANMessageSet                          0x000009b2   Section        0  can.o(i.CANMessageSet)
    i.CANRegRead                             0x00000b64   Section        0  can.o(i.CANRegRead)
    CANRegRead                               0x00000b65   Thumb Code    76  can.o(i.CANRegRead)
    i.CANRegWrite                            0x00000bb4   Section        0  can.o(i.CANRegWrite)
    CANRegWrite                              0x00000bb5   Thumb Code    24  can.o(i.CANRegWrite)
    i.CANStatusGet                           0x00000bcc   Section        0  can.o(i.CANStatusGet)
    i.GPIOPortF_Handler                      0x00000c48   Section        0  os.o(i.GPIOPortF_Handler)
    i.IdleTask                               0x00000cfc   Section        0  thread_can.o(i.IdleTask)
    i.Init_Stack                             0x00000d10   Section        0  os.o(i.Init_Stack)
    i.IntDisable                             0x00000e1c   Section        0  interrupt.o(i.IntDisable)
    i.IntEnable                              0x00000e9c   Section        0  interrupt.o(i.IntEnable)
    i.Interpreter_Init                       0x00000f1c   Section        0  interpreter.o(i.Interpreter_Init)
    i.Merge                                  0x00000f2c   Section        0  thread_ssort.o(i.Merge)
    i.MergeSort                              0x00000ff8   Section        0  thread_ssort.o(i.MergeSort)
    i.OSTimer0_Init                          0x00001078   Section        0  os.o(i.OSTimer0_Init)
    i.OS_AddThread                           0x000010c0   Section        0  os.o(i.OS_AddThread)
    i.OS_Fifo_Init                           0x00001230   Section        0  os.o(i.OS_Fifo_Init)
    i.OS_Id                                  0x00001270   Section        0  os.o(i.OS_Id)
    i.OS_Init                                0x0000127c   Section        0  os.o(i.OS_Init)
    i.OS_InitSemaphore                       0x000012ac   Section        0  os.o(i.OS_InitSemaphore)
    i.OS_Kill                                0x000012b0   Section        0  os.o(i.OS_Kill)
    i.OS_Launch                              0x00001388   Section        0  os.o(i.OS_Launch)
    i.OS_MailBox_Init                        0x00001440   Section        0  os.o(i.OS_MailBox_Init)
    i.OS_Signal                              0x0000145c   Section        0  os.o(i.OS_Signal)
    i.OS_Sleep                               0x000014ec   Section        0  os.o(i.OS_Sleep)
    i.OS_Suspend                             0x00001658   Section        0  os.o(i.OS_Suspend)
    i.OS_Time                                0x000016dc   Section        0  os.o(i.OS_Time)
    i.OS_Wait                                0x000016e8   Section        0  os.o(i.OS_Wait)
    i.OS_bSignal                             0x00001744   Section        0  os.o(i.OS_bSignal)
    i.PLL_Init                               0x0000175c   Section        0  pll.o(i.PLL_Init)
    i.PortF_Init                             0x000017d8   Section        0  os.o(i.PortF_Init)
    i.RxFifo_Init                            0x00001920   Section        0  uart2.o(i.RxFifo_Init)
    i.RxFifo_Put                             0x00001948   Section        0  uart2.o(i.RxFifo_Put)
    i.RxFifo_Size                            0x0000198c   Section        0  uart2.o(i.RxFifo_Size)
    i.SysTick_Handler                        0x000019a4   Section        0  os.o(i.SysTick_Handler)
    i.Thread_CANGetArr8_Sort                 0x00001b74   Section        0  thread_scan.o(i.Thread_CANGetArr8_Sort)
    i.Thread_CANGetArrSize                   0x00001c08   Section        0  thread_scan.o(i.Thread_CANGetArrSize)
    i.Thread_CANSendArr                      0x00001c64   Section        0  thread_scan.o(i.Thread_CANSendArr)
    i.Thread_Init                            0x00001ccc   Section        0  os.o(i.Thread_Init)
    i.Thread_Merge                           0x00001d10   Section        0  thread_ssort.o(i.Thread_Merge)
    i.Timer0A_Handler                        0x00001db0   Section        0  os.o(i.Timer0A_Handler)
    i.Timer3A_Handler                        0x00001ddc   Section        0  timer3.o(i.Timer3A_Handler)
    i.TxFifo_Get                             0x00001df4   Section        0  uart2.o(i.TxFifo_Get)
    i.TxFifo_Init                            0x00001e44   Section        0  uart2.o(i.TxFifo_Init)
    i.TxFifo_Size                            0x00001e6c   Section        0  uart2.o(i.TxFifo_Size)
    i.UART0_Handler                          0x00001e84   Section        0  uart2.o(i.UART0_Handler)
    i.UART_Init                              0x00001edc   Section        0  uart2.o(i.UART_Init)
    i.WideTimer4A_Handler                    0x00001fa0   Section        0  os.o(i.WideTimer4A_Handler)
    i.WideTimer4B_Handler                    0x00001fd8   Section        0  os.o(i.WideTimer4B_Handler)
    i.__scatterload_copy                     0x00002014   Section       14  handlers.o(i.__scatterload_copy)
    i.__scatterload_null                     0x00002022   Section        2  handlers.o(i.__scatterload_null)
    i.__scatterload_zeroinit                 0x00002024   Section       14  handlers.o(i.__scatterload_zeroinit)
    i.copyHardwareToSoftware                 0x00002034   Section        0  uart2.o(i.copyHardwareToSoftware)
    copyHardwareToSoftware                   0x00002035   Thumb Code    36  uart2.o(i.copyHardwareToSoftware)
    i.copySoftwareToHardware                 0x0000205c   Section        0  uart2.o(i.copySoftwareToHardware)
    copySoftwareToHardware                   0x0000205d   Thumb Code    38  uart2.o(i.copySoftwareToHardware)
    i.create_testArr                         0x00002088   Section        0  thread_ssort.o(i.create_testArr)
    i.free                                   0x0000211c   Section        0  malloc.o(i.free)
    i.main                                   0x0000216c   Section        0  main.o(i.main)
    i.malloc                                 0x000021cc   Section        0  malloc.o(i.malloc)
    .constdata                               0x00002238   Section       18  can.o(.constdata)
    g_usCANBitValues                         0x00002238   Data          18  can.o(.constdata)
    .data                                    0x20000000   Section        4  main.o(.data)
    .data                                    0x20000004   Section       26  thread_scan.o(.data)
    .data                                    0x20000020   Section       16  thread_ssort.o(.data)
    .data                                    0x20000030   Section        4  interpreter.o(.data)
    .data                                    0x20000034   Section      156  os.o(.data)
    .data                                    0x200000d0   Section       24  uart2.o(.data)
    .data                                    0x200000e8   Section       20  thread_can.o(.data)
    .data                                    0x200000fc   Section       12  can0.o(.data)
    RCVData                                  0x200000fc   Data           8  can0.o(.data)
    MailFlag                                 0x20000104   Data           4  can0.o(.data)
    .data                                    0x20000108   Section        4  timer3.o(.data)
    .data                                    0x2000010c   Section        4  mvars.o(.data)
    .data                                    0x20000110   Section        4  mvars.o(.data)
    .bss                                     0x20000114   Section      256  thread_ssort.o(.bss)
    .bss                                     0x20000214   Section     9568  os.o(.bss)
    Fifo                                     0x20002574   Data         512  os.o(.bss)
    .bss                                     0x20002774   Section       80  uart2.o(.bss)
    RxFifo                                   0x200027b4   Data          16  uart2.o(.bss)
    HEAP                                     0x200027c8   Section        0  startup.o(HEAP)
    STACK                                    0x200027c8   Section     1024  startup.o(STACK)
    StackMem                                 0x200027c8   Data           0  startup.o(STACK)

    Global Symbols

    Symbol Name                              Value     Ov Type        Size  Object(Section)

    BuildAttributes$$THM_ISAv4$E$P$D$K$B$S$7EM$PE$A:L22UL41UL21$X:L11$S22US41US21$IEEE1$IW$USESV6$~STKCKD$USESV7$~SHL$OSPACE$EBA8$MICROLIB$REQ8$PRES8$EABIv2 0x00000000   Number         0  anon$$obj.o ABSOLUTE
    __ARM_use_no_argv                        0x00000000   Number         0  main.o ABSOLUTE
    __Vectors                                0x00000000   Data           0  startup.o(RESET)
    __cpp_initialize__aeabi_                  - Undefined Weak Reference
    __cxa_finalize                            - Undefined Weak Reference
    __decompress                              - Undefined Weak Reference
    _clock_init                               - Undefined Weak Reference
    _microlib_exit                            - Undefined Weak Reference
    Reset_Handler                            0x0000026d   Thumb Code     0  startup.o(RESET)
    NMI_Handler                              0x00000271   Thumb Code     2  startup.o(RESET)
    HardFault_Handler                        0x00000273   Thumb Code     2  startup.o(RESET)
    MemManage_Handler                        0x00000275   Thumb Code     2  startup.o(RESET)
    BusFault_Handler                         0x00000277   Thumb Code     2  startup.o(RESET)
    UsageFault_Handler                       0x00000279   Thumb Code     2  startup.o(RESET)
    DebugMon_Handler                         0x0000027d   Thumb Code     2  startup.o(RESET)
    ADC0Seq0_Handler                         0x00000283   Thumb Code     0  startup.o(RESET)
    ADC0Seq1_Handler                         0x00000283   Thumb Code     0  startup.o(RESET)
    ADC0Seq2_Handler                         0x00000283   Thumb Code     0  startup.o(RESET)
    ADC0Seq3_Handler                         0x00000283   Thumb Code     0  startup.o(RESET)
    ADC1Seq0_Handler                         0x00000283   Thumb Code     0  startup.o(RESET)
    ADC1Seq1_Handler                         0x00000283   Thumb Code     0  startup.o(RESET)
    ADC1Seq2_Handler                         0x00000283   Thumb Code     0  startup.o(RESET)
    ADC1Seq3_Handler                         0x00000283   Thumb Code     0  startup.o(RESET)
    CAN1_Handler                             0x00000283   Thumb Code     0  startup.o(RESET)
    CAN2_Handler                             0x00000283   Thumb Code     0  startup.o(RESET)
    Comp0_Handler                            0x00000283   Thumb Code     0  startup.o(RESET)
    Comp1_Handler                            0x00000283   Thumb Code     0  startup.o(RESET)
    Comp2_Handler                            0x00000283   Thumb Code     0  startup.o(RESET)
    Ethernet_Handler                         0x00000283   Thumb Code     0  startup.o(RESET)
    ExtBus_Handler                           0x00000283   Thumb Code     0  startup.o(RESET)
    FPU_Handler                              0x00000283   Thumb Code     0  startup.o(RESET)
    Fan0_Handler                             0x00000283   Thumb Code     0  startup.o(RESET)
    FlashCtl_Handler                         0x00000283   Thumb Code     0  startup.o(RESET)
    GPIOPortA_Handler                        0x00000283   Thumb Code     0  startup.o(RESET)
    GPIOPortB_Handler                        0x00000283   Thumb Code     0  startup.o(RESET)
    GPIOPortC_Handler                        0x00000283   Thumb Code     0  startup.o(RESET)
    GPIOPortD_Handler                        0x00000283   Thumb Code     0  startup.o(RESET)
    GPIOPortE_Handler                        0x00000283   Thumb Code     0  startup.o(RESET)
    GPIOPortG_Handler                        0x00000283   Thumb Code     0  startup.o(RESET)
    GPIOPortH_Handler                        0x00000283   Thumb Code     0  startup.o(RESET)
    GPIOPortJ_Handler                        0x00000283   Thumb Code     0  startup.o(RESET)
    GPIOPortK_Handler                        0x00000283   Thumb Code     0  startup.o(RESET)
    GPIOPortL_Handler                        0x00000283   Thumb Code     0  startup.o(RESET)
    GPIOPortM_Handler                        0x00000283   Thumb Code     0  startup.o(RESET)
    GPIOPortN_Handler                        0x00000283   Thumb Code     0  startup.o(RESET)
    GPIOPortP1_Handler                       0x00000283   Thumb Code     0  startup.o(RESET)
    GPIOPortP2_Handler                       0x00000283   Thumb Code     0  startup.o(RESET)
    GPIOPortP3_Handler                       0x00000283   Thumb Code     0  startup.o(RESET)
    GPIOPortP4_Handler                       0x00000283   Thumb Code     0  startup.o(RESET)
    GPIOPortP5_Handler                       0x00000283   Thumb Code     0  startup.o(RESET)
    GPIOPortP6_Handler                       0x00000283   Thumb Code     0  startup.o(RESET)
    GPIOPortP7_Handler                       0x00000283   Thumb Code     0  startup.o(RESET)
    GPIOPortP_Handler                        0x00000283   Thumb Code     0  startup.o(RESET)
    GPIOPortQ1_Handler                       0x00000283   Thumb Code     0  startup.o(RESET)
    GPIOPortQ2_Handler                       0x00000283   Thumb Code     0  startup.o(RESET)
    GPIOPortQ3_Handler                       0x00000283   Thumb Code     0  startup.o(RESET)
    GPIOPortQ4_Handler                       0x00000283   Thumb Code     0  startup.o(RESET)
    GPIOPortQ5_Handler                       0x00000283   Thumb Code     0  startup.o(RESET)
    GPIOPortQ6_Handler                       0x00000283   Thumb Code     0  startup.o(RESET)
    GPIOPortQ7_Handler                       0x00000283   Thumb Code     0  startup.o(RESET)
    GPIOPortQ_Handler                        0x00000283   Thumb Code     0  startup.o(RESET)
    GPIOPortR_Handler                        0x00000283   Thumb Code     0  startup.o(RESET)
    GPIOPortS_Handler                        0x00000283   Thumb Code     0  startup.o(RESET)
    Hibernate_Handler                        0x00000283   Thumb Code     0  startup.o(RESET)
    I2C0_Handler                             0x00000283   Thumb Code     0  startup.o(RESET)
    I2C1_Handler                             0x00000283   Thumb Code     0  startup.o(RESET)
    I2C2_Handler                             0x00000283   Thumb Code     0  startup.o(RESET)
    I2C3_Handler                             0x00000283   Thumb Code     0  startup.o(RESET)
    I2C4_Handler                             0x00000283   Thumb Code     0  startup.o(RESET)
    I2C5_Handler                             0x00000283   Thumb Code     0  startup.o(RESET)
    I2S0_Handler                             0x00000283   Thumb Code     0  startup.o(RESET)
    LPC0_Handler                             0x00000283   Thumb Code     0  startup.o(RESET)
    PECI0_Handler                            0x00000283   Thumb Code     0  startup.o(RESET)
    PWM0Fault_Handler                        0x00000283   Thumb Code     0  startup.o(RESET)
    PWM0Generator0_Handler                   0x00000283   Thumb Code     0  startup.o(RESET)
    PWM0Generator1_Handler                   0x00000283   Thumb Code     0  startup.o(RESET)
    PWM0Generator2_Handler                   0x00000283   Thumb Code     0  startup.o(RESET)
    PWM0Generator3_Handler                   0x00000283   Thumb Code     0  startup.o(RESET)
    PWM1Fault_Handler                        0x00000283   Thumb Code     0  startup.o(RESET)
    PWM1Generator0_Handler                   0x00000283   Thumb Code     0  startup.o(RESET)
    PWM1Generator1_Handler                   0x00000283   Thumb Code     0  startup.o(RESET)
    PWM1Generator2_Handler                   0x00000283   Thumb Code     0  startup.o(RESET)
    PWM1Generator3_Handler                   0x00000283   Thumb Code     0  startup.o(RESET)
    Quadrature0_Handler                      0x00000283   Thumb Code     0  startup.o(RESET)
    Quadrature1_Handler                      0x00000283   Thumb Code     0  startup.o(RESET)
    Quadrature2_Handler                      0x00000283   Thumb Code     0  startup.o(RESET)
    SSI0_Handler                             0x00000283   Thumb Code     0  startup.o(RESET)
    SSI1_Handler                             0x00000283   Thumb Code     0  startup.o(RESET)
    SSI2_Handler                             0x00000283   Thumb Code     0  startup.o(RESET)
    SSI3_Handler                             0x00000283   Thumb Code     0  startup.o(RESET)
    SysCtl_Handler                           0x00000283   Thumb Code     0  startup.o(RESET)
    Timer0B_Handler                          0x00000283   Thumb Code     0  startup.o(RESET)
    Timer1A_Handler                          0x00000283   Thumb Code     0  startup.o(RESET)
    Timer1B_Handler                          0x00000283   Thumb Code     0  startup.o(RESET)
    Timer2A_Handler                          0x00000283   Thumb Code     0  startup.o(RESET)
    Timer2B_Handler                          0x00000283   Thumb Code     0  startup.o(RESET)
    Timer3B_Handler                          0x00000283   Thumb Code     0  startup.o(RESET)
    Timer4A_Handler                          0x00000283   Thumb Code     0  startup.o(RESET)
    Timer4B_Handler                          0x00000283   Thumb Code     0  startup.o(RESET)
    Timer5A_Handler                          0x00000283   Thumb Code     0  startup.o(RESET)
    Timer5B_Handler                          0x00000283   Thumb Code     0  startup.o(RESET)
    UART1_Handler                            0x00000283   Thumb Code     0  startup.o(RESET)
    UART2_Handler                            0x00000283   Thumb Code     0  startup.o(RESET)
    UART3_Handler                            0x00000283   Thumb Code     0  startup.o(RESET)
    UART4_Handler                            0x00000283   Thumb Code     0  startup.o(RESET)
    UART5_Handler                            0x00000283   Thumb Code     0  startup.o(RESET)
    UART6_Handler                            0x00000283   Thumb Code     0  startup.o(RESET)
    UART7_Handler                            0x00000283   Thumb Code     0  startup.o(RESET)
    USB0_Handler                             0x00000283   Thumb Code     0  startup.o(RESET)
    WDT_Handler                              0x00000283   Thumb Code     0  startup.o(RESET)
    WideTimer0A_Handler                      0x00000283   Thumb Code     0  startup.o(RESET)
    WideTimer0B_Handler                      0x00000283   Thumb Code     0  startup.o(RESET)
    WideTimer1A_Handler                      0x00000283   Thumb Code     0  startup.o(RESET)
    WideTimer1B_Handler                      0x00000283   Thumb Code     0  startup.o(RESET)
    WideTimer2A_Handler                      0x00000283   Thumb Code     0  startup.o(RESET)
    WideTimer2B_Handler                      0x00000283   Thumb Code     0  startup.o(RESET)
    WideTimer3A_Handler                      0x00000283   Thumb Code     0  startup.o(RESET)
    WideTimer3B_Handler                      0x00000283   Thumb Code     0  startup.o(RESET)
    WideTimer5A_Handler                      0x00000283   Thumb Code     0  startup.o(RESET)
    WideTimer5B_Handler                      0x00000283   Thumb Code     0  startup.o(RESET)
    uDMA_Error                               0x00000283   Thumb Code     0  startup.o(RESET)
    uDMA_Handler                             0x00000283   Thumb Code     0  startup.o(RESET)
    __main                                   0x00000285   Thumb Code     0  entry.o(.ARM.Collect$$$$00000000)
    _main_stk                                0x00000285   Thumb Code     0  entry2.o(.ARM.Collect$$$$00000001)
    _main_scatterload                        0x00000289   Thumb Code     0  entry5.o(.ARM.Collect$$$$00000004)
    __main_after_scatterload                 0x0000028d   Thumb Code     0  entry5.o(.ARM.Collect$$$$00000004)
    _main_clock                              0x0000028d   Thumb Code     0  entry7b.o(.ARM.Collect$$$$00000008)
    _main_cpp_init                           0x0000028d   Thumb Code     0  entry8b.o(.ARM.Collect$$$$0000000A)
    _main_init                               0x0000028d   Thumb Code     0  entry9a.o(.ARM.Collect$$$$0000000B)
    __rt_final_cpp                           0x00000295   Thumb Code     0  entry10a.o(.ARM.Collect$$$$0000000D)
    __rt_final_exit                          0x00000295   Thumb Code     0  entry11a.o(.ARM.Collect$$$$0000000F)
    DisableInterrupts                        0x00000299   Thumb Code     0  startup.o(.text)
    EnableInterrupts                         0x0000029d   Thumb Code     0  startup.o(.text)
    StartCritical                            0x000002a1   Thumb Code     0  startup.o(.text)
    EndCritical                              0x000002a9   Thumb Code     0  startup.o(.text)
    WaitForInterrupt                         0x000002af   Thumb Code     0  startup.o(.text)
    StartOS                                  0x000002b5   Thumb Code     0  osasm.o(.text)
    ContextSwitch                            0x000002d5   Thumb Code     0  osasm.o(.text)
    PendSV_Handler                           0x000002df   Thumb Code     0  osasm.o(.text)
    SVC_Handler                              0x00000303   Thumb Code     0  osasm.o(.text)
    __scatterload                            0x0000035d   Thumb Code    28  init.o(.text)
    __scatterload_rt2                        0x0000035d   Thumb Code     0  init.o(.text)
    CAN0_GetMailNonBlock                     0x00000381   Thumb Code    70  can0.o(i.CAN0_GetMailNonBlock)
    CAN0_Handler                             0x000003d1   Thumb Code   138  can0.o(i.CAN0_Handler)
    CAN0_Open                                0x00000469   Thumb Code   172  can0.o(i.CAN0_Open)
    CAN0_SendData                            0x00000535   Thumb Code    26  can0.o(i.CAN0_SendData)
    CANBitRateSet                            0x00000581   Thumb Code   142  can.o(i.CANBitRateSet)
    CANEnable                                0x00000681   Thumb Code    24  can.o(i.CANEnable)
    CANInit                                  0x00000699   Thumb Code   148  can.o(i.CANInit)
    CANIntClear                              0x0000072d   Thumb Code    76  can.o(i.CANIntClear)
    CANIntEnable                             0x00000779   Thumb Code    26  can.o(i.CANIntEnable)
    CANIntStatus                             0x000007c5   Thumb Code    60  can.o(i.CANIntStatus)
    CANMessageGet                            0x00000801   Thumb Code   434  can.o(i.CANMessageGet)
    CANMessageSet                            0x000009b3   Thumb Code   434  can.o(i.CANMessageSet)
    CANStatusGet                             0x00000bcd   Thumb Code   124  can.o(i.CANStatusGet)
    GPIOPortF_Handler                        0x00000c49   Thumb Code   158  os.o(i.GPIOPortF_Handler)
    IdleTask                                 0x00000cfd   Thumb Code    14  thread_can.o(i.IdleTask)
    Init_Stack                               0x00000d11   Thumb Code   264  os.o(i.Init_Stack)
    IntDisable                               0x00000e1d   Thumb Code   116  interrupt.o(i.IntDisable)
    IntEnable                                0x00000e9d   Thumb Code   116  interrupt.o(i.IntEnable)
    Interpreter_Init                         0x00000f1d   Thumb Code    12  interpreter.o(i.Interpreter_Init)
    Merge                                    0x00000f2d   Thumb Code   202  thread_ssort.o(i.Merge)
    MergeSort                                0x00000ff9   Thumb Code   118  thread_ssort.o(i.MergeSort)
    OSTimer0_Init                            0x00001079   Thumb Code    60  os.o(i.OSTimer0_Init)
    OS_AddThread                             0x000010c1   Thumb Code   340  os.o(i.OS_AddThread)
    OS_Fifo_Init                             0x00001231   Thumb Code    40  os.o(i.OS_Fifo_Init)
    OS_Id                                    0x00001271   Thumb Code     8  os.o(i.OS_Id)
    OS_Init                                  0x0000127d   Thumb Code    42  os.o(i.OS_Init)
    OS_InitSemaphore                         0x000012ad   Thumb Code     4  os.o(i.OS_InitSemaphore)
    OS_Kill                                  0x000012b1   Thumb Code   192  os.o(i.OS_Kill)
    OS_Launch                                0x00001389   Thumb Code   154  os.o(i.OS_Launch)
    OS_MailBox_Init                          0x00001441   Thumb Code    20  os.o(i.OS_MailBox_Init)
    OS_Signal                                0x0000145d   Thumb Code   134  os.o(i.OS_Signal)
    OS_Sleep                                 0x000014ed   Thumb Code   322  os.o(i.OS_Sleep)
    OS_Suspend                               0x00001659   Thumb Code   106  os.o(i.OS_Suspend)
    OS_Time                                  0x000016dd   Thumb Code     6  os.o(i.OS_Time)
    OS_Wait                                  0x000016e9   Thumb Code    82  os.o(i.OS_Wait)
    OS_bSignal                               0x00001745   Thumb Code    22  os.o(i.OS_bSignal)
    PLL_Init                                 0x0000175d   Thumb Code   118  pll.o(i.PLL_Init)
    PortF_Init                               0x000017d9   Thumb Code   282  os.o(i.PortF_Init)
    RxFifo_Init                              0x00001921   Thumb Code    22  uart2.o(i.RxFifo_Init)
    RxFifo_Put                               0x00001949   Thumb Code    52  uart2.o(i.RxFifo_Put)
    RxFifo_Size                              0x0000198d   Thumb Code    16  uart2.o(i.RxFifo_Size)
    SysTick_Handler                          0x000019a5   Thumb Code   424  os.o(i.SysTick_Handler)
    Thread_CANGetArr8_Sort                   0x00001b75   Thumb Code   128  thread_scan.o(i.Thread_CANGetArr8_Sort)
    Thread_CANGetArrSize                     0x00001c09   Thumb Code    70  thread_scan.o(i.Thread_CANGetArrSize)
    Thread_CANSendArr                        0x00001c65   Thumb Code    84  thread_scan.o(i.Thread_CANSendArr)
    Thread_Init                              0x00001ccd   Thumb Code    52  os.o(i.Thread_Init)
    Thread_Merge                             0x00001d11   Thumb Code   134  thread_ssort.o(i.Thread_Merge)
    Timer0A_Handler                          0x00001db1   Thumb Code    32  os.o(i.Timer0A_Handler)
    Timer3A_Handler                          0x00001ddd   Thumb Code    16  timer3.o(i.Timer3A_Handler)
    TxFifo_Get                               0x00001df5   Thumb Code    64  uart2.o(i.TxFifo_Get)
    TxFifo_Init                              0x00001e45   Thumb Code    22  uart2.o(i.TxFifo_Init)
    TxFifo_Size                              0x00001e6d   Thumb Code    16  uart2.o(i.TxFifo_Size)
    UART0_Handler                            0x00001e85   Thumb Code    82  uart2.o(i.UART0_Handler)
    UART_Init                                0x00001edd   Thumb Code   170  uart2.o(i.UART_Init)
    WideTimer4A_Handler                      0x00001fa1   Thumb Code    40  os.o(i.WideTimer4A_Handler)
    WideTimer4B_Handler                      0x00001fd9   Thumb Code    42  os.o(i.WideTimer4B_Handler)
    __scatterload_copy                       0x00002015   Thumb Code    14  handlers.o(i.__scatterload_copy)
    __scatterload_null                       0x00002023   Thumb Code     2  handlers.o(i.__scatterload_null)
    __scatterload_zeroinit                   0x00002025   Thumb Code    14  handlers.o(i.__scatterload_zeroinit)
    create_testArr                           0x00002089   Thumb Code   138  thread_ssort.o(i.create_testArr)
    free                                     0x0000211d   Thumb Code    76  malloc.o(i.free)
    main                                     0x0000216d   Thumb Code    80  main.o(i.main)
    malloc                                   0x000021cd   Thumb Code    92  malloc.o(i.malloc)
    Region$$Table$$Base                      0x0000224c   Number         0  anon$$obj.o(Region$$Table)
    Region$$Table$$Limit                     0x0000226c   Number         0  anon$$obj.o(Region$$Table)
    NumCreated                               0x20000000   Data           4  main.o(.data)
    arrived_data_num                         0x20000004   Data           2  thread_scan.o(.data)
    CAN_ArrSize                              0x20000006   Data           8  thread_scan.o(.data)
    CAN_Arr8                                 0x2000000e   Data           8  thread_scan.o(.data)
    CAN_sendArr                              0x20000016   Data           8  thread_scan.o(.data)
    arr_size                                 0x20000020   Data           2  thread_ssort.o(.data)
    arr_8sorted_idx                          0x20000022   Data           2  thread_ssort.o(.data)
    merge_granularity                        0x20000024   Data           2  thread_ssort.o(.data)
    start_time                               0x20000028   Data           4  thread_ssort.o(.data)
    stop_time                                0x2000002c   Data           4  thread_ssort.o(.data)
    sUART                                    0x20000030   Data           4  interpreter.o(.data)
    thread_cnt                               0x20000034   Data           2  os.o(.data)
    active_num                               0x20000038   Data           4  os.o(.data)
    sleep_num                                0x2000003c   Data           4  os.o(.data)
    PeriodicTask_num                         0x20000040   Data           4  os.o(.data)
    OS_Launch_Check                          0x20000044   Data           4  os.o(.data)
    num1234                                  0x20000048   Data           4  os.o(.data)
    no_interrupt_time                        0x2000004c   Data           4  os.o(.data)
    total_numJ1                              0x20000050   Data           4  os.o(.data)
    total_numJ2                              0x20000054   Data           4  os.o(.data)
    sum_J1                                   0x20000058   Data           4  os.o(.data)
    sum_J2                                   0x2000005c   Data           4  os.o(.data)
    toggle                                   0x20000060   Data           4  os.o(.data)
    ms                                       0x20000064   Data           4  os.o(.data)
    sThread_num                              0x20000068   Data           4  os.o(.data)
    active_start                             0x2000006c   Data           4  os.o(.data)
    runPt                                    0x20000070   Data           4  os.o(.data)
    runPt_next                               0x20000074   Data           4  os.o(.data)
    sActive_num                              0x20000078   Data           4  os.o(.data)
    sleepPt                                  0x2000007c   Data           4  os.o(.data)
    sleep_start                              0x20000080   Data           4  os.o(.data)
    sSleep_num                               0x20000084   Data           4  os.o(.data)
    PeriodicTask1                            0x20000088   Data           4  os.o(.data)
    PeriodicTask2                            0x2000008c   Data           4  os.o(.data)
    PTask1_Period                            0x20000090   Data           4  os.o(.data)
    PTask2_Period                            0x20000094   Data           4  os.o(.data)
    sw1task                                  0x20000098   Data           4  os.o(.data)
    sw2task                                  0x2000009c   Data           4  os.o(.data)
    sw1_priority                             0x200000a0   Data           4  os.o(.data)
    sw2_priority                             0x200000a4   Data           4  os.o(.data)
    putPt                                    0x200000a8   Data           4  os.o(.data)
    getPt                                    0x200000ac   Data           4  os.o(.data)
    FIFOcurrentSize                          0x200000b0   Data           4  os.o(.data)
    FIFOmutex                                0x200000b4   Data           4  os.o(.data)
    FIFOroomleft                             0x200000b8   Data           4  os.o(.data)
    Mail                                     0x200000bc   Data           4  os.o(.data)
    Send                                     0x200000c0   Data           4  os.o(.data)
    Ack                                      0x200000c4   Data           4  os.o(.data)
    MaxJitter1                               0x200000c8   Data           4  os.o(.data)
    MaxJitter2                               0x200000cc   Data           4  os.o(.data)
    TxPutPt                                  0x200000d0   Data           4  uart2.o(.data)
    TxGetPt                                  0x200000d4   Data           4  uart2.o(.data)
    TxRoomLeft                               0x200000d8   Data           4  uart2.o(.data)
    RxPutPt                                  0x200000dc   Data           4  uart2.o(.data)
    RxGetPt                                  0x200000e0   Data           4  uart2.o(.data)
    RxFifoAvailable                          0x200000e4   Data           4  uart2.o(.data)
    Idlecount                                0x200000e8   Data           4  thread_can.o(.data)
    CAN_rcvData                              0x200000ec   Data           8  thread_can.o(.data)
    CAN_sendData                             0x200000f4   Data           8  thread_can.o(.data)
    PeriodicTask                             0x20000108   Data           4  timer3.o(.data)
    __microlib_freelist                      0x2000010c   Data           4  mvars.o(.data)
    __microlib_freelist_initialised          0x20000110   Data           4  mvars.o(.data)
    arr                                      0x20000114   Data         256  thread_ssort.o(.bss)
    pri_num                                  0x20000214   Data          32  os.o(.bss)
    blocked_pri_num                          0x20000234   Data          32  os.o(.bss)
    JitterHistogram1                         0x20000254   Data         256  os.o(.bss)
    JitterHistogram2                         0x20000354   Data         256  os.o(.bss)
    thread                                   0x20000454   Data        8448  os.o(.bss)
    pri_start                                0x20002554   Data          32  os.o(.bss)
    TxFifo                                   0x20002774   Data          64  uart2.o(.bss)
    __heap_base                              0x200027c8   Data           0  startup.o(HEAP)
    __heap_limit                             0x200027c8   Data           0  startup.o(HEAP)
    __initial_sp                             0x20002bc8   Data           0  startup.o(STACK)



==============================================================================

Memory Map of the image

  Image Entry point : 0x0000026d

  Load Region LR_1 (Base: 0x00000000, Size: 0x00002380, Max: 0xffffffff, ABSOLUTE)

    Execution Region ER_RO (Base: 0x00000000, Size: 0x0000226c, Max: 0xffffffff, ABSOLUTE)

    Base Addr    Size         Type   Attr      Idx    E Section Name        Object

    0x00000000   0x00000284   Code   RO           52  * RESET               startup.o
    0x00000284   0x00000000   Code   RO         1154  * .ARM.Collect$$$$00000000  mc_w.l(entry.o)
    0x00000284   0x00000004   Code   RO         1197    .ARM.Collect$$$$00000001  mc_w.l(entry2.o)
    0x00000288   0x00000004   Code   RO         1200    .ARM.Collect$$$$00000004  mc_w.l(entry5.o)
    0x0000028c   0x00000000   Code   RO         1202    .ARM.Collect$$$$00000008  mc_w.l(entry7b.o)
    0x0000028c   0x00000000   Code   RO         1204    .ARM.Collect$$$$0000000A  mc_w.l(entry8b.o)
    0x0000028c   0x00000008   Code   RO         1205    .ARM.Collect$$$$0000000B  mc_w.l(entry9a.o)
    0x00000294   0x00000000   Code   RO         1207    .ARM.Collect$$$$0000000D  mc_w.l(entry10a.o)
    0x00000294   0x00000000   Code   RO         1209    .ARM.Collect$$$$0000000F  mc_w.l(entry11a.o)
    0x00000294   0x00000004   Code   RO         1198    .ARM.Collect$$$$00002712  mc_w.l(entry2.o)
    0x00000298   0x0000001c   Code   RO           53    .text               startup.o
    0x000002b4   0x000000a8   Code   RO          632    .text               osasm.o
    0x0000035c   0x00000024   Code   RO         1226    .text               mc_w.l(init.o)
    0x00000380   0x00000050   Code   RO          832    i.CAN0_GetMailNonBlock  can0.o
    0x000003d0   0x00000098   Code   RO          833    i.CAN0_Handler      can0.o
    0x00000468   0x000000cc   Code   RO          834    i.CAN0_Open         can0.o
    0x00000534   0x0000001a   Code   RO          835    i.CAN0_SendData     can0.o
    0x0000054e   0x00000002   PAD
    0x00000550   0x00000030   Code   RO          836    i.CAN0_Setup_Message_Object  can0.o
    0x00000580   0x00000094   Code   RO          897    i.CANBitRateSet     can.o
    0x00000614   0x00000036   Code   RO          898    i.CANDataRegRead    can.o
    0x0000064a   0x00000036   Code   RO          899    i.CANDataRegWrite   can.o
    0x00000680   0x00000018   Code   RO          901    i.CANEnable         can.o
    0x00000698   0x00000094   Code   RO          903    i.CANInit           can.o
    0x0000072c   0x0000004c   Code   RO          904    i.CANIntClear       can.o
    0x00000778   0x0000001a   Code   RO          906    i.CANIntEnable      can.o
    0x00000792   0x00000002   PAD
    0x00000794   0x00000030   Code   RO          907    i.CANIntNumberGet   can.o
    0x000007c4   0x0000003c   Code   RO          909    i.CANIntStatus      can.o
    0x00000800   0x000001b2   Code   RO          912    i.CANMessageGet     can.o
    0x000009b2   0x000001b2   Code   RO          913    i.CANMessageSet     can.o
    0x00000b64   0x00000050   Code   RO          914    i.CANRegRead        can.o
    0x00000bb4   0x00000018   Code   RO          915    i.CANRegWrite       can.o
    0x00000bcc   0x0000007c   Code   RO          918    i.CANStatusGet      can.o
    0x00000c48   0x000000b4   Code   RO          373    i.GPIOPortF_Handler  os.o
    0x00000cfc   0x00000014   Code   RO          797    i.IdleTask          thread_can.o
    0x00000d10   0x0000010c   Code   RO          374    i.Init_Stack        os.o
    0x00000e1c   0x00000080   Code   RO         1057    i.IntDisable        interrupt.o
    0x00000e9c   0x00000080   Code   RO         1058    i.IntEnable         interrupt.o
    0x00000f1c   0x00000010   Code   RO          314    i.Interpreter_Init  interpreter.o
    0x00000f2c   0x000000ca   Code   RO          273    i.Merge             thread_ssort.o
    0x00000ff6   0x00000002   PAD
    0x00000ff8   0x00000080   Code   RO          274    i.MergeSort         thread_ssort.o
    0x00001078   0x00000048   Code   RO          375    i.OSTimer0_Init     os.o
    0x000010c0   0x00000170   Code   RO          380    i.OS_AddThread      os.o
    0x00001230   0x00000040   Code   RO          384    i.OS_Fifo_Init      os.o
    0x00001270   0x0000000c   Code   RO          387    i.OS_Id             os.o
    0x0000127c   0x00000030   Code   RO          388    i.OS_Init           os.o
    0x000012ac   0x00000004   Code   RO          389    i.OS_InitSemaphore  os.o
    0x000012b0   0x000000d8   Code   RO          390    i.OS_Kill           os.o
    0x00001388   0x000000b8   Code   RO          391    i.OS_Launch         os.o
    0x00001440   0x0000001c   Code   RO          392    i.OS_MailBox_Init   os.o
    0x0000145c   0x00000090   Code   RO          397    i.OS_Signal         os.o
    0x000014ec   0x0000016c   Code   RO          398    i.OS_Sleep          os.o
    0x00001658   0x00000084   Code   RO          399    i.OS_Suspend        os.o
    0x000016dc   0x0000000c   Code   RO          400    i.OS_Time           os.o
    0x000016e8   0x0000005c   Code   RO          402    i.OS_Wait           os.o
    0x00001744   0x00000016   Code   RO          403    i.OS_bSignal        os.o
    0x0000175a   0x00000002   PAD
    0x0000175c   0x0000007c   Code   RO          234    i.PLL_Init          pll.o
    0x000017d8   0x00000148   Code   RO          406    i.PortF_Init        os.o
    0x00001920   0x00000028   Code   RO          637    i.RxFifo_Init       uart2.o
    0x00001948   0x00000044   Code   RO          638    i.RxFifo_Put        uart2.o
    0x0000198c   0x00000018   Code   RO          639    i.RxFifo_Size       uart2.o
    0x000019a4   0x000001d0   Code   RO          407    i.SysTick_Handler   os.o
    0x00001b74   0x00000094   Code   RO          246    i.Thread_CANGetArr8_Sort  thread_scan.o
    0x00001c08   0x0000005c   Code   RO          247    i.Thread_CANGetArrSize  thread_scan.o
    0x00001c64   0x00000068   Code   RO          248    i.Thread_CANSendArr  thread_scan.o
    0x00001ccc   0x00000044   Code   RO          408    i.Thread_Init       os.o
    0x00001d10   0x000000a0   Code   RO          275    i.Thread_Merge      thread_ssort.o
    0x00001db0   0x0000002c   Code   RO          409    i.Timer0A_Handler   os.o
    0x00001ddc   0x00000018   Code   RO         1133    i.Timer3A_Handler   timer3.o
    0x00001df4   0x00000050   Code   RO          640    i.TxFifo_Get        uart2.o
    0x00001e44   0x00000028   Code   RO          641    i.TxFifo_Init       uart2.o
    0x00001e6c   0x00000018   Code   RO          643    i.TxFifo_Size       uart2.o
    0x00001e84   0x00000058   Code   RO          644    i.UART0_Handler     uart2.o
    0x00001edc   0x000000c4   Code   RO          650    i.UART_Init         uart2.o
    0x00001fa0   0x00000038   Code   RO          410    i.WideTimer4A_Handler  os.o
    0x00001fd8   0x0000003c   Code   RO          411    i.WideTimer4B_Handler  os.o
    0x00002014   0x0000000e   Code   RO         1262    i.__scatterload_copy  mc_w.l(handlers.o)
    0x00002022   0x00000002   Code   RO         1263    i.__scatterload_null  mc_w.l(handlers.o)
    0x00002024   0x0000000e   Code   RO         1264    i.__scatterload_zeroinit  mc_w.l(handlers.o)
    0x00002032   0x00000002   PAD
    0x00002034   0x00000028   Code   RO          658    i.copyHardwareToSoftware  uart2.o
    0x0000205c   0x0000002c   Code   RO          659    i.copySoftwareToHardware  uart2.o
    0x00002088   0x00000094   Code   RO          276    i.create_testArr    thread_ssort.o
    0x0000211c   0x00000050   Code   RO         1167    i.free              mc_w.l(malloc.o)
    0x0000216c   0x00000060   Code   RO            1    i.main              main.o
    0x000021cc   0x0000006c   Code   RO         1168    i.malloc            mc_w.l(malloc.o)
    0x00002238   0x00000012   Data   RO          919    .constdata          can.o
    0x0000224a   0x00000002   PAD
    0x0000224c   0x00000020   Data   RO         1260    Region$$Table       anon$$obj.o


    Execution Region ER_RW (Base: 0x20000000, Size: 0x00000114, Max: 0xffffffff, ABSOLUTE)

    Base Addr    Size         Type   Attr      Idx    E Section Name        Object

    0x20000000   0x00000004   Data   RW            2    .data               main.o
    0x20000004   0x0000001a   Data   RW          249    .data               thread_scan.o
    0x2000001e   0x00000002   PAD
    0x20000020   0x00000010   Data   RW          278    .data               thread_ssort.o
    0x20000030   0x00000004   Data   RW          319    .data               interpreter.o
    0x20000034   0x0000009c   Data   RW          415    .data               os.o
    0x200000d0   0x00000018   Data   RW          661    .data               uart2.o
    0x200000e8   0x00000014   Data   RW          801    .data               thread_can.o
    0x200000fc   0x0000000c   Data   RW          837    .data               can0.o
    0x20000108   0x00000004   Data   RW         1135    .data               timer3.o
    0x2000010c   0x00000004   Data   RW         1215    .data               mc_w.l(mvars.o)
    0x20000110   0x00000004   Data   RW         1216    .data               mc_w.l(mvars.o)


    Execution Region ER_ZI (Base: 0x20000114, Size: 0x00002ab4, Max: 0xffffffff, ABSOLUTE)

    Base Addr    Size         Type   Attr      Idx    E Section Name        Object

    0x20000114   0x00000100   Zero   RW          277    .bss                thread_ssort.o
    0x20000214   0x00002560   Zero   RW          413    .bss                os.o
    0x20002774   0x00000050   Zero   RW          660    .bss                uart2.o
    0x200027c4   0x00000004   PAD
    0x200027c8   0x00000000   Zero   RW           51    HEAP                startup.o
    0x200027c8   0x00000400   Zero   RW           50    STACK               startup.o


==============================================================================

Image component sizes


      Code (inc. data)   RO Data    RW Data    ZI Data      Debug   Object Name

      1734         20         18          0          0      14841   can.o
       510         60          0         12          0       5314   can0.o
        16          4          0          4          0       1745   interpreter.o
       256         24          0          0          0       1049   interrupt.o
        96         16          0          4          0       4860   main.o
      3230        404          0        156       9568      15369   os.o
       168         14          0          0          0        268   osasm.o
       124          6          0          0          0        471   pll.o
       672        622          0          0       1024        984   startup.o
        20          6          0         20          0       1100   thread_can.o
       344         62          0         26          0       2512   thread_scan.o
       638         46          0         16        256       3714   thread_ssort.o
        24          8          0          4          0        941   timer3.o
       644        126          0         24         80       6122   uart2.o

    ----------------------------------------------------------------------
      8484       1418         52        268      10932      59290   Object Totals
         0          0         32          0          0          0   (incl. Generated)
         8          0          2          2          4          0   (incl. Padding)

    ----------------------------------------------------------------------

      Code (inc. data)   RO Data    RW Data    ZI Data      Debug   Library Member Name

         0          0          0          0          0          0   entry.o
         0          0          0          0          0          0   entry10a.o
         0          0          0          0          0          0   entry11a.o
         8          4          0          0          0          0   entry2.o
         4          0          0          0          0          0   entry5.o
         0          0          0          0          0          0   entry7b.o
         0          0          0          0          0          0   entry8b.o
         8          4          0          0          0          0   entry9a.o
        30          0          0          0          0          0   handlers.o
        36          8          0          0          0         68   init.o
       188         20          0          0          0        160   malloc.o
         0          0          0          8          0          0   mvars.o

    ----------------------------------------------------------------------
       276         36          0          8          0        228   Library Totals
         2          0          0          0          0          0   (incl. Padding)

    ----------------------------------------------------------------------

      Code (inc. data)   RO Data    RW Data    ZI Data      Debug   Library Name

       274         36          0          8          0        228   mc_w.l

    ----------------------------------------------------------------------
       276         36          0          8          0        228   Library Totals

    ----------------------------------------------------------------------

==============================================================================


      Code (inc. data)   RO Data    RW Data    ZI Data      Debug   

      8760       1454         52        276      10932      56190   Grand Totals
      8760       1454         52        276      10932      56190   ELF Image Totals
      8760       1454         52        276          0          0   ROM Totals

==============================================================================

    Total RO  Size (Code + RO Data)                 8812 (   8.61kB)
    Total RW  Size (RW Data + ZI Data)             11208 (  10.95kB)
    Total ROM Size (Code + RO Data + RW Data)       9088 (   8.88kB)

==============================================================================

