<html>
<body>
<pre>
<h1>µVision Build Log</h1>
<h2>Project:</h2>
C:\Users\LG\Desktop\4.2019_spring\380L RTOS\Project\CAN project\Slave1\Slave1.uvproj
Project File Date:  05/11/2019

<h2>Output:</h2>
Build target 'Slave1'
compiling main.c...
compiling Thread_sCAN.c...
compiling Thread_sSort.c...
linking...
Program Size: Code=8760 RO-data=52 RW-data=276 ZI-data=10932  
".\obj\Slave1.axf" - 0 Error(s), 0 Warning(s).
Load "C:\\Users\\LG\\Desktop\\4.2019_spring\\380L RTOS\\Project\\CAN project\\Slave1\\obj\\Slave1.axf" 
Connecting: Mode=JTAG, Speed=1000000Hz
Erase Done.
Programming Done.
Verify OK.
</pre>
</body>
</html>
data=10932  
".\obj\Slave1.axf" - 0 Error(s), 0 Warning(s).
Load "C:\\Users\\LG\\Desktop\\4.2019_spring\\380L RTOS\\Project\\CAN project\\Slave1\\obj\\Slave1.axf" 
Connecting: Mode=JTAG, Speed=1000000Hz
Erase Done.
Programming Done.
Verify OK.
j\Slave1.axf" - 4 Error(s), 0 Warning(s).
Target not created
ave1.axf" - 5 Error(s), 0 Warning(s).
Target not created
